2025-08-13 23:55:37,138 INFO Database tables created successfully
2025-08-13 23:55:37,182 INFO Default data inserted successfully
2025-08-13 23:55:37,182 INFO Database initialization completed successfully
2025-08-14 00:06:34,094 INFO Database tables created successfully
2025-08-14 00:06:34,096 INFO Default data inserted successfully
2025-08-14 00:06:34,097 INFO Database initialization completed successfully
2025-08-14 00:49:18,325 INFO Database tables created successfully
2025-08-14 00:49:18,327 INFO Default data inserted successfully
2025-08-14 00:49:18,327 INFO Database initialization completed successfully
2025-08-14 00:56:48,951 INFO Database tables created successfully
2025-08-14 00:56:48,953 INFO Default data inserted successfully
2025-08-14 00:56:48,953 INFO Database initialization completed successfully
2025-08-14 01:00:52,623 INFO Database tables created successfully
2025-08-14 01:00:52,625 INFO Default data inserted successfully
2025-08-14 01:00:52,625 INFO Database initialization completed successfully
2025-08-14 01:03:25,298 INFO Database tables created successfully
2025-08-14 01:03:25,299 INFO Default data inserted successfully
2025-08-14 01:03:25,299 INFO Database initialization completed successfully
2025-08-14 01:04:03,670 INFO Database tables created successfully
2025-08-14 01:04:03,672 INFO Default data inserted successfully
2025-08-14 01:04:03,672 INFO Database initialization completed successfully
2025-08-14 01:05:26,412 INFO Database tables created successfully
2025-08-14 01:05:26,414 INFO Default data inserted successfully
2025-08-14 01:05:26,414 INFO Database initialization completed successfully
2025-08-14 01:06:01,741 INFO Database tables created successfully
2025-08-14 01:06:01,743 INFO Default data inserted successfully
2025-08-14 01:06:01,743 INFO Database initialization completed successfully
2025-08-14 01:07:08,807 INFO Database tables created successfully
2025-08-14 01:07:08,809 INFO Default data inserted successfully
2025-08-14 01:07:08,809 INFO Database initialization completed successfully
2025-08-14 01:12:00,743 INFO Database tables created successfully
2025-08-14 01:12:00,745 INFO Default data inserted successfully
2025-08-14 01:12:00,745 INFO Database initialization completed successfully
2025-08-14 01:18:29,851 INFO Database tables created successfully
2025-08-14 01:18:29,853 INFO Default data inserted successfully
2025-08-14 01:18:29,853 INFO Database initialization completed successfully
2025-08-14 01:24:45,972 INFO Database tables created successfully
2025-08-14 01:24:45,974 INFO Default data inserted successfully
2025-08-14 01:24:45,975 INFO Database initialization completed successfully
2025-08-14 01:25:26,287 INFO Database tables created successfully
2025-08-14 01:25:26,289 INFO Default data inserted successfully
2025-08-14 01:25:26,289 INFO Database initialization completed successfully
2025-08-14 01:27:32,355 INFO Database tables created successfully
2025-08-14 01:27:32,357 INFO Default data inserted successfully
2025-08-14 01:27:32,357 INFO Database initialization completed successfully
2025-08-14 01:27:49,822 INFO Database tables created successfully
2025-08-14 01:27:49,824 INFO Default data inserted successfully
2025-08-14 01:27:49,824 INFO Database initialization completed successfully
2025-08-14 01:28:40,501 ERROR Error in ocr_preview: cannot access local variable 'traceback' where it is not associated with a value
Traceback (most recent call last):
  File "C:\Users\wadii\Desktop\stage_emsi_evoleo\backend\main.py", line 1374, in ocr_preview
    dt = parse_date_try(text)
         ^^^^^^^^^^^^^^^^^^^^
  File "C:\Users\wadii\Desktop\stage_emsi_evoleo\backend\main.py", line 1332, in parse_date_try
    dt = dateparser.parse(clean_text, languages=['fr'], settings=settings)
         ^^^^^^^^^^^^^^^^^^^^^^^^^^^^^^^^^^^^^^^^^^^^^^^^^^^^^^^^^^^^^^^^^
  File "C:\Users\wadii\anaconda3\envs\gpu\Lib\site-packages\dateparser\conf.py", line 100, in wrapper
    return f(*args, **kwargs)
           ^^^^^^^^^^^^^^^^^^
  File "C:\Users\wadii\anaconda3\envs\gpu\Lib\site-packages\dateparser\__init__.py", line 71, in parse
    parser = DateDataParser(
             ^^^^^^^^^^^^^^^
  File "C:\Users\wadii\anaconda3\envs\gpu\Lib\site-packages\dateparser\conf.py", line 100, in wrapper
    return f(*args, **kwargs)
           ^^^^^^^^^^^^^^^^^^
  File "C:\Users\wadii\anaconda3\envs\gpu\Lib\site-packages\dateparser\date.py", line 454, in __init__
    check_settings(settings)
  File "C:\Users\wadii\anaconda3\envs\gpu\Lib\site-packages\dateparser\conf.py", line 267, in check_settings
    extra_check(setting_name, setting_value)
  File "C:\Users\wadii\anaconda3\envs\gpu\Lib\site-packages\dateparser\conf.py", line 141, in _check_parsers
    raise SettingValidationError(
dateparser.conf.SettingValidationError: Found unknown parsers in the "PARSERS" setting: base-formats

During handling of the above exception, another exception occurred:

Traceback (most recent call last):
  File "C:\Users\wadii\Desktop\stage_emsi_evoleo\backend\main.py", line 1407, in ocr_preview
    print(traceback.format_exc())
          ^^^^^^^^^
UnboundLocalError: cannot access local variable 'traceback' where it is not associated with a value

2025-08-14 01:28:42,578 ERROR Error in ocr_preview: cannot access local variable 'traceback' where it is not associated with a value
Traceback (most recent call last):
  File "C:\Users\wadii\Desktop\stage_emsi_evoleo\backend\main.py", line 1374, in ocr_preview
    dt = parse_date_try(text)
         ^^^^^^^^^^^^^^^^^^^^
  File "C:\Users\wadii\Desktop\stage_emsi_evoleo\backend\main.py", line 1332, in parse_date_try
    dt = dateparser.parse(clean_text, languages=['fr'], settings=settings)
         ^^^^^^^^^^^^^^^^^^^^^^^^^^^^^^^^^^^^^^^^^^^^^^^^^^^^^^^^^^^^^^^^^
  File "C:\Users\wadii\anaconda3\envs\gpu\Lib\site-packages\dateparser\conf.py", line 100, in wrapper
    return f(*args, **kwargs)
           ^^^^^^^^^^^^^^^^^^
  File "C:\Users\wadii\anaconda3\envs\gpu\Lib\site-packages\dateparser\__init__.py", line 71, in parse
    parser = DateDataParser(
             ^^^^^^^^^^^^^^^
  File "C:\Users\wadii\anaconda3\envs\gpu\Lib\site-packages\dateparser\conf.py", line 100, in wrapper
    return f(*args, **kwargs)
           ^^^^^^^^^^^^^^^^^^
  File "C:\Users\wadii\anaconda3\envs\gpu\Lib\site-packages\dateparser\date.py", line 454, in __init__
    check_settings(settings)
  File "C:\Users\wadii\anaconda3\envs\gpu\Lib\site-packages\dateparser\conf.py", line 267, in check_settings
    extra_check(setting_name, setting_value)
  File "C:\Users\wadii\anaconda3\envs\gpu\Lib\site-packages\dateparser\conf.py", line 141, in _check_parsers
    raise SettingValidationError(
dateparser.conf.SettingValidationError: Found unknown parsers in the "PARSERS" setting: base-formats

During handling of the above exception, another exception occurred:

Traceback (most recent call last):
  File "C:\Users\wadii\Desktop\stage_emsi_evoleo\backend\main.py", line 1407, in ocr_preview
    print(traceback.format_exc())
          ^^^^^^^^^
UnboundLocalError: cannot access local variable 'traceback' where it is not associated with a value

2025-08-14 01:29:17,127 INFO Database tables created successfully
2025-08-14 01:29:17,129 INFO Default data inserted successfully
2025-08-14 01:29:17,129 INFO Database initialization completed successfully
2025-08-14 21:51:57,851 INFO Database tables created successfully
2025-08-14 21:51:57,925 INFO Default data inserted successfully
2025-08-14 21:51:57,926 INFO Database initialization completed successfully
2025-08-14 22:00:03,720 INFO Database tables created successfully
2025-08-14 22:00:03,722 INFO Default data inserted successfully
2025-08-14 22:00:03,722 INFO Database initialization completed successfully
2025-08-14 22:01:25,741 INFO Database tables created successfully
2025-08-14 22:01:25,743 INFO Default data inserted successfully
2025-08-14 22:01:25,743 INFO Database initialization completed successfully
2025-08-14 22:07:36,618 INFO Database tables created successfully
2025-08-14 22:07:36,620 INFO Default data inserted successfully
2025-08-14 22:07:36,621 INFO Database initialization completed successfully
2025-08-14 22:07:54,189 INFO Database tables created successfully
2025-08-14 22:07:54,193 INFO Default data inserted successfully
2025-08-14 22:07:54,193 INFO Database initialization completed successfully
2025-08-14 22:08:50,980 INFO Database tables created successfully
2025-08-14 22:08:50,984 INFO Default data inserted successfully
2025-08-14 22:08:50,984 INFO Database initialization completed successfully
2025-08-14 22:09:47,902 INFO Database tables created successfully
2025-08-14 22:09:47,904 INFO Default data inserted successfully
2025-08-14 22:09:47,904 INFO Database initialization completed successfully
2025-08-14 23:32:13,585 INFO Database tables created successfully
2025-08-14 23:32:13,587 INFO Default data inserted successfully
2025-08-14 23:32:13,587 INFO Database initialization completed successfully
2025-08-14 23:33:16,773 INFO Database tables created successfully
2025-08-14 23:33:16,777 INFO Default data inserted successfully
2025-08-14 23:33:16,777 INFO Database initialization completed successfully
2025-08-14 23:34:05,716 INFO Database tables created successfully
2025-08-14 23:34:05,720 INFO Default data inserted successfully
2025-08-14 23:34:05,720 INFO Database initialization completed successfully
2025-08-14 23:42:00,635 INFO Database tables created successfully
2025-08-14 23:42:00,637 INFO Default data inserted successfully
2025-08-14 23:42:00,638 INFO Database initialization completed successfully
2025-08-14 23:43:04,167 INFO Database tables created successfully
2025-08-14 23:43:04,170 INFO Default data inserted successfully
2025-08-14 23:43:04,170 INFO Database initialization completed successfully
2025-08-14 23:44:07,968 INFO Database tables created successfully
2025-08-14 23:44:07,971 INFO Default data inserted successfully
2025-08-14 23:44:07,971 INFO Database initialization completed successfully
2025-08-14 23:45:11,824 INFO Database tables created successfully
2025-08-14 23:45:11,827 INFO Default data inserted successfully
2025-08-14 23:45:11,827 INFO Database initialization completed successfully
2025-08-14 23:47:11,753 INFO Database tables created successfully
2025-08-14 23:47:11,755 INFO Default data inserted successfully
2025-08-14 23:47:11,756 INFO Database initialization completed successfully
2025-08-14 23:48:52,255 INFO Database tables created successfully
2025-08-14 23:48:52,259 INFO Default data inserted successfully
2025-08-14 23:48:52,259 INFO Database initialization completed successfully
2025-08-14 23:49:15,547 INFO Database tables created successfully
2025-08-14 23:49:15,551 INFO Default data inserted successfully
2025-08-14 23:49:15,551 INFO Database initialization completed successfully
2025-08-14 23:50:41,445 INFO Database tables created successfully
2025-08-14 23:50:41,447 INFO Default data inserted successfully
2025-08-14 23:50:41,447 INFO Database initialization completed successfully
2025-08-14 23:52:06,039 INFO Database tables created successfully
2025-08-14 23:52:06,041 INFO Default data inserted successfully
2025-08-14 23:52:06,041 INFO Database initialization completed successfully
2025-08-14 23:55:39,402 INFO Database tables created successfully
2025-08-14 23:55:39,405 INFO Default data inserted successfully
2025-08-14 23:55:39,405 INFO Database initialization completed successfully
2025-08-14 23:56:12,178 INFO Database tables created successfully
2025-08-14 23:56:12,180 INFO Default data inserted successfully
2025-08-14 23:56:12,180 INFO Database initialization completed successfully
2025-08-14 23:58:13,556 INFO Database tables created successfully
2025-08-14 23:58:13,558 INFO Default data inserted successfully
2025-08-14 23:58:13,558 INFO Database initialization completed successfully
2025-08-15 00:00:01,916 INFO Database tables created successfully
2025-08-15 00:00:01,918 INFO Default data inserted successfully
2025-08-15 00:00:01,918 INFO Database initialization completed successfully
2025-08-15 00:01:31,857 INFO Database tables created successfully
2025-08-15 00:01:31,861 INFO Default data inserted successfully
2025-08-15 00:01:31,861 INFO Database initialization completed successfully
2025-08-15 00:03:34,636 INFO Database tables created successfully
2025-08-15 00:03:34,638 INFO Default data inserted successfully
2025-08-15 00:03:34,638 INFO Database initialization completed successfully
2025-08-15 00:04:13,812 INFO Database tables created successfully
2025-08-15 00:04:13,814 INFO Default data inserted successfully
2025-08-15 00:04:13,814 INFO Database initialization completed successfully
2025-08-15 00:07:30,874 INFO Database tables created successfully
2025-08-15 00:07:30,877 INFO Default data inserted successfully
2025-08-15 00:07:30,877 INFO Database initialization completed successfully
2025-08-15 00:08:24,533 INFO Database tables created successfully
2025-08-15 00:08:24,534 INFO Default data inserted successfully
2025-08-15 00:08:24,535 INFO Database initialization completed successfully
2025-08-15 00:10:15,741 INFO Database tables created successfully
2025-08-15 00:10:15,743 INFO Default data inserted successfully
2025-08-15 00:10:15,744 INFO Database initialization completed successfully
2025-08-15 00:14:27,347 INFO Database tables created successfully
2025-08-15 00:14:27,349 INFO Default data inserted successfully
2025-08-15 00:14:27,349 INFO Database initialization completed successfully
2025-08-15 00:15:11,116 INFO Database tables created successfully
2025-08-15 00:15:11,119 INFO Default data inserted successfully
2025-08-15 00:15:11,119 INFO Database initialization completed successfully
2025-08-15 00:16:03,971 INFO Database tables created successfully
2025-08-15 00:16:03,975 INFO Default data inserted successfully
2025-08-15 00:16:03,975 INFO Database initialization completed successfully
2025-08-15 00:17:40,727 INFO Database tables created successfully
2025-08-15 00:17:40,729 INFO Default data inserted successfully
2025-08-15 00:17:40,730 INFO Database initialization completed successfully
2025-08-15 00:19:33,047 INFO Database tables created successfully
2025-08-15 00:19:33,049 INFO Default data inserted successfully
2025-08-15 00:19:33,049 INFO Database initialization completed successfully
2025-08-15 00:38:35,753 INFO Database tables created successfully
2025-08-15 00:38:35,756 INFO Default data inserted successfully
2025-08-15 00:38:35,756 INFO Database initialization completed successfully
2025-08-15 00:39:43,889 ERROR Error in ocr_preview: cannot access local variable 'ht_extracted' where it is not associated with a value
Traceback (most recent call last):
  File "C:\Users\wadii\Desktop\stage_emsi_evoleo\backend\main.py", line 1363, in ocr_preview
    ttc_extracted = round(ht_extracted + tva_extracted, 2)
                          ^^^^^^^^^^^^
UnboundLocalError: cannot access local variable 'ht_extracted' where it is not associated with a value

2025-08-15 00:41:07,465 INFO Database tables created successfully
2025-08-15 00:41:07,469 INFO Default data inserted successfully
2025-08-15 00:41:07,469 INFO Database initialization completed successfully
2025-08-15 00:47:07,387 INFO Database tables created successfully
2025-08-15 00:47:07,397 INFO Default data inserted successfully
2025-08-15 00:47:07,397 INFO Database initialization completed successfully
2025-08-15 00:52:58,730 INFO Database tables created successfully
2025-08-15 00:52:58,734 INFO Default data inserted successfully
2025-08-15 00:52:58,734 INFO Database initialization completed successfully
2025-08-15 12:28:37,524 INFO Database tables created successfully
2025-08-15 12:28:37,567 INFO Default data inserted successfully
2025-08-15 12:28:37,567 INFO Database initialization completed successfully
2025-08-15 12:33:54,142 INFO Database tables created successfully
2025-08-15 12:33:54,144 INFO Default data inserted successfully
2025-08-15 12:33:54,145 INFO Database initialization completed successfully
2025-08-15 14:02:15,533 INFO Database tables created successfully
2025-08-15 14:02:15,535 INFO Default data inserted successfully
2025-08-15 14:02:15,535 INFO Database initialization completed successfully
2025-08-15 14:06:15,175 INFO Database tables created successfully
2025-08-15 14:06:15,177 INFO Default data inserted successfully
2025-08-15 14:06:15,177 INFO Database initialization completed successfully
2025-08-15 14:40:56,762 INFO Database tables created successfully
2025-08-15 14:40:56,766 INFO Default data inserted successfully
2025-08-15 14:40:56,766 INFO Database initialization completed successfully
2025-08-15 14:50:06,134 INFO Database tables created successfully
2025-08-15 14:50:06,137 INFO Default data inserted successfully
2025-08-15 14:50:06,137 INFO Database initialization completed successfully
2025-08-15 14:54:25,033 INFO Database tables created successfully
2025-08-15 14:54:25,038 INFO Default data inserted successfully
2025-08-15 14:54:25,039 INFO Database initialization completed successfully
2025-08-15 14:58:29,841 INFO Database tables created successfully
2025-08-15 14:58:29,847 INFO Default data inserted successfully
2025-08-15 14:58:29,847 INFO Database initialization completed successfully
2025-08-15 14:59:04,078 INFO Database tables created successfully
2025-08-15 14:59:04,084 INFO Default data inserted successfully
2025-08-15 14:59:04,085 INFO Database initialization completed successfully
2025-08-15 14:59:28,794 INFO Database tables created successfully
2025-08-15 14:59:28,797 INFO Default data inserted successfully
2025-08-15 14:59:28,798 INFO Database initialization completed successfully
2025-08-15 15:01:30,795 INFO Database tables created successfully
2025-08-15 15:01:30,798 INFO Default data inserted successfully
2025-08-15 15:01:30,798 INFO Database initialization completed successfully
2025-08-15 15:04:55,471 ERROR Error in ocr_preview: 'right'
Traceback (most recent call last):
  File "C:\Users\wadii\Desktop\stage_emsi_evoleo\backend\main.py", line 975, in ocr_preview
    ht_match = find_value_for_field(is_valid_ht_keyword, is_tva=False, field_name="HT (Hors Taxes)")
               ^^^^^^^^^^^^^^^^^^^^^^^^^^^^^^^^^^^^^^^^^^^^^^^^^^^^^^^^^^^^^^^^^^^^^^^^^^^^^^^^^^^^^
  File "C:\Users\wadii\Desktop\stage_emsi_evoleo\backend\main.py", line 932, in find_value_for_field
    result = process_keyword_set(total_kw, 'horizontal')
             ^^^^^^^^^^^^^^^^^^^^^^^^^^^^^^^^^^^^^^^^^^^
  File "C:\Users\wadii\Desktop\stage_emsi_evoleo\backend\main.py", line 801, in process_keyword_set
    f"right={search_area['right']:.1f}, bottom={search_area['bottom']:.1f}")
             ~~~~~~~~~~~^^^^^^^^^
KeyError: 'right'

2025-08-15 15:05:29,861 INFO Database tables created successfully
2025-08-15 15:05:29,863 INFO Default data inserted successfully
2025-08-15 15:05:29,863 INFO Database initialization completed successfully
2025-08-15 15:20:39,439 INFO Database tables created successfully
2025-08-15 15:20:39,441 INFO Default data inserted successfully
2025-08-15 15:20:39,441 INFO Database initialization completed successfully
2025-08-15 15:54:26,183 INFO Database tables created successfully
2025-08-15 15:54:26,185 INFO Default data inserted successfully
2025-08-15 15:54:26,185 INFO Database initialization completed successfully
2025-08-15 15:54:52,218 INFO Database tables created successfully
2025-08-15 15:54:52,221 INFO Default data inserted successfully
2025-08-15 15:54:52,221 INFO Database initialization completed successfully
2025-08-15 15:55:34,608 INFO Database tables created successfully
2025-08-15 15:55:34,610 INFO Default data inserted successfully
2025-08-15 15:55:34,610 INFO Database initialization completed successfully
2025-08-15 16:01:25,560 INFO Database tables created successfully
2025-08-15 16:01:25,562 INFO Default data inserted successfully
2025-08-15 16:01:25,562 INFO Database initialization completed successfully
2025-08-15 16:01:50,417 INFO Database tables created successfully
2025-08-15 16:01:50,419 INFO Default data inserted successfully
2025-08-15 16:01:50,419 INFO Database initialization completed successfully
2025-08-15 16:02:21,867 ERROR Error in ocr_preview: name 'template_data' is not defined
Traceback (most recent call last):
  File "C:\Users\wadii\Desktop\stage_emsi_evoleo\backend\main.py", line 999, in ocr_preview
    if template_id and 'mappings' in template_data and 'numeroFacture' in template_data['mappings']:
                                     ^^^^^^^^^^^^^
NameError: name 'template_data' is not defined

2025-08-15 16:04:42,629 INFO Database tables created successfully
2025-08-15 16:04:42,631 INFO Default data inserted successfully
2025-08-15 16:04:42,631 INFO Database initialization completed successfully
2025-08-15 16:05:56,312 INFO Database tables created successfully
2025-08-15 16:05:56,314 INFO Default data inserted successfully
2025-08-15 16:05:56,314 INFO Database initialization completed successfully
2025-08-15 16:06:26,960 INFO Database tables created successfully
2025-08-15 16:06:26,961 INFO Default data inserted successfully
2025-08-15 16:06:26,962 INFO Database initialization completed successfully
2025-08-15 16:10:11,804 INFO Database tables created successfully
2025-08-15 16:10:11,806 INFO Default data inserted successfully
2025-08-15 16:10:11,807 INFO Database initialization completed successfully
2025-08-15 16:11:47,456 INFO Database tables created successfully
2025-08-15 16:11:47,457 INFO Default data inserted successfully
2025-08-15 16:11:47,458 INFO Database initialization completed successfully
2025-08-15 16:12:39,718 ERROR Error in ocr_preview: name 'num_facture_time' is not defined
Traceback (most recent call last):
  File "C:\Users\wadii\Desktop\stage_emsi_evoleo\backend\main.py", line 1650, in ocr_preview
    print(f"\U0001f4c4 Invoice Number: {numfacture_value} (took {num_facture_time:.4f}s)")
                                                         ^^^^^^^^^^^^^^^^
NameError: name 'num_facture_time' is not defined

2025-08-15 16:13:22,700 INFO Database tables created successfully
2025-08-15 16:13:22,704 INFO Default data inserted successfully
2025-08-15 16:13:22,704 INFO Database initialization completed successfully
2025-08-15 16:14:09,799 INFO Database tables created successfully
2025-08-15 16:14:09,801 INFO Default data inserted successfully
2025-08-15 16:14:09,802 INFO Database initialization completed successfully
2025-08-15 16:31:11,339 INFO Database tables created successfully
2025-08-15 16:31:11,341 INFO Default data inserted successfully
2025-08-15 16:31:11,342 INFO Database initialization completed successfully
2025-08-15 16:31:38,012 ERROR Error in ocr_preview: name 'time' is not defined
Traceback (most recent call last):
  File "C:\Users\wadii\Desktop\stage_emsi_evoleo\backend\main.py", line 1001, in ocr_preview
    start_time = time.time()
                 ^^^^
NameError: name 'time' is not defined

2025-08-15 16:32:32,295 INFO Database tables created successfully
2025-08-15 16:32:32,297 INFO Default data inserted successfully
2025-08-15 16:32:32,297 INFO Database initialization completed successfully
2025-08-15 16:33:29,448 ERROR Error in ocr_preview: name 'datefacturation_value' is not defined
Traceback (most recent call last):
  File "C:\Users\wadii\Desktop\stage_emsi_evoleo\backend\main.py", line 1310, in ocr_preview
    print(f"\U0001f4c5 Invoice Date: {datefacturation_value} (took {datefacturation_time:.4f}s)")
                              ^^^^^^^^^^^^^^^^^^^^^
NameError: name 'datefacturation_value' is not defined

2025-08-15 17:04:35,874 INFO Database tables created successfully
2025-08-15 17:04:35,875 INFO Default data inserted successfully
2025-08-15 17:04:35,876 INFO Database initialization completed successfully
2025-08-15 17:05:48,302 INFO Database tables created successfully
2025-08-15 17:05:48,305 INFO Default data inserted successfully
2025-08-15 17:05:48,305 INFO Database initialization completed successfully
2025-08-15 18:06:42,833 INFO Database tables created successfully
2025-08-15 18:06:42,836 INFO Default data inserted successfully
2025-08-15 18:06:42,836 INFO Database initialization completed successfully
2025-08-15 18:10:56,888 INFO Database tables created successfully
2025-08-15 18:10:56,891 INFO Default data inserted successfully
2025-08-15 18:10:56,891 INFO Database initialization completed successfully
2025-08-15 18:11:22,756 INFO Database tables created successfully
2025-08-15 18:11:22,760 INFO Default data inserted successfully
2025-08-15 18:11:22,760 INFO Database initialization completed successfully
2025-08-15 18:16:47,915 INFO Database tables created successfully
2025-08-15 18:16:47,919 INFO Default data inserted successfully
2025-08-15 18:16:47,919 INFO Database initialization completed successfully
2025-08-15 18:18:27,636 INFO Database tables created successfully
2025-08-15 18:18:27,639 INFO Default data inserted successfully
2025-08-15 18:18:27,640 INFO Database initialization completed successfully
2025-08-15 18:22:25,672 INFO Database tables created successfully
2025-08-15 18:22:25,678 INFO Default data inserted successfully
2025-08-15 18:22:25,678 INFO Database initialization completed successfully
2025-08-15 18:28:25,089 INFO Database tables created successfully
2025-08-15 18:28:25,093 INFO Default data inserted successfully
2025-08-15 18:28:25,093 INFO Database initialization completed successfully
2025-08-15 18:29:03,521 ERROR Error in ocr_preview: cannot access local variable 'traceback' where it is not associated with a value
Traceback (most recent call last):
  File "C:\Users\wadii\Desktop\stage_emsi_evoleo\backend\main.py", line 1413, in ocr_preview
    dx = max(0, max(box1['left'], box2['left']) - min(box1['right'], box2['right']))
                    ^^^^
NameError: name 'box1' is not defined

During handling of the above exception, another exception occurred:

Traceback (most recent call last):
  File "C:\Users\wadii\Desktop\stage_emsi_evoleo\backend\main.py", line 1519, in ocr_preview
    print(traceback.format_exc())
          ^^^^^^^^^
UnboundLocalError: cannot access local variable 'traceback' where it is not associated with a value

2025-08-15 18:30:20,042 INFO Database tables created successfully
2025-08-15 18:30:20,047 INFO Default data inserted successfully
2025-08-15 18:30:20,047 INFO Database initialization completed successfully
2025-08-15 18:31:47,588 INFO Database tables created successfully
2025-08-15 18:31:47,592 INFO Default data inserted successfully
2025-08-15 18:31:47,593 INFO Database initialization completed successfully
2025-08-15 18:33:18,917 ERROR Error in ocr_preview: name 'num_facture_time' is not defined
Traceback (most recent call last):
  File "C:\Users\wadii\Desktop\stage_emsi_evoleo\backend\main.py", line 1556, in ocr_preview
    print(f"\U0001f4c4 Invoice Number: {numfacture_value} (took {num_facture_time:.4f}s)")
                                                         ^^^^^^^^^^^^^^^^
NameError: name 'num_facture_time' is not defined

2025-08-15 18:35:48,711 INFO Database tables created successfully
2025-08-15 18:35:48,716 INFO Default data inserted successfully
2025-08-15 18:35:48,717 INFO Database initialization completed successfully
2025-08-15 18:36:21,128 INFO Database tables created successfully
2025-08-15 18:36:21,132 INFO Default data inserted successfully
2025-08-15 18:36:21,132 INFO Database initialization completed successfully
2025-08-15 18:37:53,867 INFO Database tables created successfully
2025-08-15 18:37:53,871 INFO Default data inserted successfully
2025-08-15 18:37:53,871 INFO Database initialization completed successfully
2025-08-15 18:46:53,003 INFO Database tables created successfully
2025-08-15 18:46:53,007 INFO Default data inserted successfully
2025-08-15 18:46:53,007 INFO Database initialization completed successfully
2025-08-15 18:51:04,397 INFO Database tables created successfully
2025-08-15 18:51:04,404 INFO Default data inserted successfully
2025-08-15 18:51:04,404 INFO Database initialization completed successfully
2025-08-15 18:56:15,072 INFO Database tables created successfully
2025-08-15 18:56:15,076 INFO Default data inserted successfully
2025-08-15 18:56:15,076 INFO Database initialization completed successfully
2025-08-15 19:14:08,920 INFO Database tables created successfully
2025-08-15 19:14:08,924 INFO Default data inserted successfully
2025-08-15 19:14:08,924 INFO Database initialization completed successfully
2025-08-15 19:17:40,919 ERROR Error in ocr_preview: 'score'
Traceback (most recent call last):
  File "C:\Users\wadii\Desktop\stage_emsi_evoleo\backend\main.py", line 999, in ocr_preview
    ht_match = find_value_for_field(is_valid_ht_keyword, is_tva=False, field_name="HT (Hors Taxes)")
               ^^^^^^^^^^^^^^^^^^^^^^^^^^^^^^^^^^^^^^^^^^^^^^^^^^^^^^^^^^^^^^^^^^^^^^^^^^^^^^^^^^^^^
  File "C:\Users\wadii\Desktop\stage_emsi_evoleo\backend\main.py", line 975, in find_value_for_field
    result = process_keyword_set(total_kw, 'vertical')
             ^^^^^^^^^^^^^^^^^^^^^^^^^^^^^^^^^^^^^^^^^
  File "C:\Users\wadii\Desktop\stage_emsi_evoleo\backend\main.py", line 940, in process_keyword_set
    candidates.sort(key=lambda c: (-c['score'], 0 if c['is_total_keyword'] else 1))
  File "C:\Users\wadii\Desktop\stage_emsi_evoleo\backend\main.py", line 940, in <lambda>
    candidates.sort(key=lambda c: (-c['score'], 0 if c['is_total_keyword'] else 1))
                                    ~^^^^^^^^^
KeyError: 'score'

2025-08-15 19:21:44,310 INFO Database tables created successfully
2025-08-15 19:21:44,314 INFO Default data inserted successfully
2025-08-15 19:21:44,314 INFO Database initialization completed successfully
2025-08-15 19:24:32,943 INFO Database tables created successfully
2025-08-15 19:24:32,946 INFO Default data inserted successfully
2025-08-15 19:24:32,946 INFO Database initialization completed successfully
2025-08-15 19:28:42,199 INFO Database tables created successfully
2025-08-15 19:28:42,204 INFO Default data inserted successfully
2025-08-15 19:28:42,204 INFO Database initialization completed successfully
2025-08-15 19:29:10,566 INFO Database tables created successfully
2025-08-15 19:29:10,570 INFO Default data inserted successfully
2025-08-15 19:29:10,570 INFO Database initialization completed successfully
2025-08-15 19:30:05,092 ERROR Error in ocr_preview: cannot access local variable 'kw_center_x' where it is not associated with a value
Traceback (most recent call last):
  File "C:\Users\wadii\Desktop\stage_emsi_evoleo\backend\main.py", line 1050, in ocr_preview
    import time
               ^
  File "C:\Users\wadii\Desktop\stage_emsi_evoleo\backend\main.py", line 1007, in find_value_for_field
    if total_kw:
                 
  File "C:\Users\wadii\Desktop\stage_emsi_evoleo\backend\main.py", line 858, in process_keyword_set
    print(f"\nText: '{ob['text']}'")
          ^^^^^^^^^^^^^^^^^^^^^^^^^^^
UnboundLocalError: cannot access local variable 'kw_center_x' where it is not associated with a value

2025-08-15 19:30:22,590 INFO Database tables created successfully
2025-08-15 19:30:22,593 INFO Default data inserted successfully
2025-08-15 19:30:22,594 INFO Database initialization completed successfully
2025-08-15 19:30:42,215 ERROR Error in ocr_preview: cannot access local variable 'kw_center_x' where it is not associated with a value
Traceback (most recent call last):
  File "C:\Users\wadii\Desktop\stage_emsi_evoleo\backend\main.py", line 1052, in ocr_preview
    ht_match = find_value_for_field(is_valid_ht_keyword, is_tva=False, field_name="HT (Hors Taxes)")
               ^^^^^^^^^^^^^^^^^^^^^^^^^^^^^^^^^^^^^^^^^^^^^^^^^^^^^^^^^^^^^^^^^^^^^^^^^^^^^^^^^^^^^
  File "C:\Users\wadii\Desktop\stage_emsi_evoleo\backend\main.py", line 1009, in find_value_for_field
    result = process_keyword_set(total_kw, 'horizontal')
             ^^^^^^^^^^^^^^^^^^^^^^^^^^^^^^^^^^^^^^^^^^^
  File "C:\Users\wadii\Desktop\stage_emsi_evoleo\backend\main.py", line 860, in process_keyword_set
    print(f"  Center: ({box_center_x:.0f}, {box_center_y:.0f}) | Keyword bottom: ({kw_center_x:.0f}, {kw_bottom:.0f})")
          ^^^^^^^^^^^^^^^^^^^^^^^^^^^^^^^^^^^^^^^^^^^^^^^^^^^^^^^^^^^^^^^^^^^^^^^^^^^^^^^^^^^^^^^^^^^^^^^^^^^^^^^^^^^^
UnboundLocalError: cannot access local variable 'kw_center_x' where it is not associated with a value

2025-08-15 19:34:34,960 ERROR Error in ocr_preview: cannot access local variable 'kw_center_x' where it is not associated with a value
Traceback (most recent call last):
  File "C:\Users\wadii\Desktop\stage_emsi_evoleo\backend\main.py", line 1052, in ocr_preview
    ht_match = find_value_for_field(is_valid_ht_keyword, is_tva=False, field_name="HT (Hors Taxes)")
               ^^^^^^^^^^^^^^^^^^^^^^^^^^^^^^^^^^^^^^^^^^^^^^^^^^^^^^^^^^^^^^^^^^^^^^^^^^^^^^^^^^^^^
  File "C:\Users\wadii\Desktop\stage_emsi_evoleo\backend\main.py", line 1009, in find_value_for_field
    result = process_keyword_set(total_kw, 'horizontal')
             ^^^^^^^^^^^^^^^^^^^^^^^^^^^^^^^^^^^^^^^^^^^
  File "C:\Users\wadii\Desktop\stage_emsi_evoleo\backend\main.py", line 860, in process_keyword_set
    print(f"  Center: ({box_center_x:.0f}, {box_center_y:.0f}) | Keyword bottom: ({kw_center_x:.0f}, {kw_bottom:.0f})")
          ^^^^^^^^^^^^^^^^^^^^^^^^^^^^^^^^^^^^^^^^^^^^^^^^^^^^^^^^^^^^^^^^^^^^^^^^^^^^^^^^^^^^^^^^^^^^^^^^^^^^^^^^^^^^
UnboundLocalError: cannot access local variable 'kw_center_x' where it is not associated with a value

2025-08-15 19:34:37,546 ERROR Error in ocr_preview: cannot access local variable 'kw_center_x' where it is not associated with a value
Traceback (most recent call last):
  File "C:\Users\wadii\Desktop\stage_emsi_evoleo\backend\main.py", line 1052, in ocr_preview
    ht_match = find_value_for_field(is_valid_ht_keyword, is_tva=False, field_name="HT (Hors Taxes)")
               ^^^^^^^^^^^^^^^^^^^^^^^^^^^^^^^^^^^^^^^^^^^^^^^^^^^^^^^^^^^^^^^^^^^^^^^^^^^^^^^^^^^^^
  File "C:\Users\wadii\Desktop\stage_emsi_evoleo\backend\main.py", line 1009, in find_value_for_field
    result = process_keyword_set(total_kw, 'horizontal')
             ^^^^^^^^^^^^^^^^^^^^^^^^^^^^^^^^^^^^^^^^^^^
  File "C:\Users\wadii\Desktop\stage_emsi_evoleo\backend\main.py", line 860, in process_keyword_set
    print(f"  Center: ({box_center_x:.0f}, {box_center_y:.0f}) | Keyword bottom: ({kw_center_x:.0f}, {kw_bottom:.0f})")
          ^^^^^^^^^^^^^^^^^^^^^^^^^^^^^^^^^^^^^^^^^^^^^^^^^^^^^^^^^^^^^^^^^^^^^^^^^^^^^^^^^^^^^^^^^^^^^^^^^^^^^^^^^^^^
UnboundLocalError: cannot access local variable 'kw_center_x' where it is not associated with a value

2025-08-15 19:34:57,448 ERROR Error in ocr_preview: cannot access local variable 'kw_center_x' where it is not associated with a value
Traceback (most recent call last):
  File "C:\Users\wadii\Desktop\stage_emsi_evoleo\backend\main.py", line 1052, in ocr_preview
    ht_match = find_value_for_field(is_valid_ht_keyword, is_tva=False, field_name="HT (Hors Taxes)")
               ^^^^^^^^^^^^^^^^^^^^^^^^^^^^^^^^^^^^^^^^^^^^^^^^^^^^^^^^^^^^^^^^^^^^^^^^^^^^^^^^^^^^^
  File "C:\Users\wadii\Desktop\stage_emsi_evoleo\backend\main.py", line 1009, in find_value_for_field
    result = process_keyword_set(total_kw, 'horizontal')
             ^^^^^^^^^^^^^^^^^^^^^^^^^^^^^^^^^^^^^^^^^^^
  File "C:\Users\wadii\Desktop\stage_emsi_evoleo\backend\main.py", line 860, in process_keyword_set
    print(f"  Center: ({box_center_x:.0f}, {box_center_y:.0f}) | Keyword bottom: ({kw_center_x:.0f}, {kw_bottom:.0f})")
          ^^^^^^^^^^^^^^^^^^^^^^^^^^^^^^^^^^^^^^^^^^^^^^^^^^^^^^^^^^^^^^^^^^^^^^^^^^^^^^^^^^^^^^^^^^^^^^^^^^^^^^^^^^^^
UnboundLocalError: cannot access local variable 'kw_center_x' where it is not associated with a value

2025-08-15 20:15:07,994 INFO Database tables created successfully
2025-08-15 20:15:08,000 INFO Default data inserted successfully
2025-08-15 20:15:08,000 INFO Database initialization completed successfully
2025-08-15 20:18:20,895 INFO Database tables created successfully
2025-08-15 20:18:20,898 INFO Default data inserted successfully
2025-08-15 20:18:20,898 INFO Database initialization completed successfully
2025-08-15 20:19:22,591 INFO Database tables created successfully
2025-08-15 20:19:22,597 INFO Default data inserted successfully
2025-08-15 20:19:22,598 INFO Database initialization completed successfully
2025-08-15 20:20:42,043 INFO Database tables created successfully
2025-08-15 20:20:42,047 INFO Default data inserted successfully
2025-08-15 20:20:42,047 INFO Database initialization completed successfully
2025-08-15 20:21:42,579 ERROR Error in ocr_preview: cannot access local variable 'kw_center_x' where it is not associated with a value
Traceback (most recent call last):
  File "C:\Users\wadii\Desktop\stage_emsi_evoleo\backend\main.py", line 1052, in ocr_preview
    ht_match = find_value_for_field(is_valid_ht_keyword, is_tva=False, field_name="HT (Hors Taxes)")
               ^^^^^^^^^^^^^^^^^^^^^^^^^^^^^^^^^^^^^^^^^^^^^^^^^^^^^^^^^^^^^^^^^^^^^^^^^^^^^^^^^^^^^
  File "C:\Users\wadii\Desktop\stage_emsi_evoleo\backend\main.py", line 1009, in find_value_for_field
    result = process_keyword_set(total_kw, 'horizontal')
             ^^^^^^^^^^^^^^^^^^^^^^^^^^^^^^^^^^^^^^^^^^^
  File "C:\Users\wadii\Desktop\stage_emsi_evoleo\backend\main.py", line 860, in process_keyword_set
    print(f"  Center: ({box_center_x:.0f}, {box_center_y:.0f}) | Keyword bottom: ({kw_center_x:.0f}, {kw_bottom:.0f})")
          ^^^^^^^^^^^^^^^^^^^^^^^^^^^^^^^^^^^^^^^^^^^^^^^^^^^^^^^^^^^^^^^^^^^^^^^^^^^^^^^^^^^^^^^^^^^^^^^^^^^^^^^^^^^^
UnboundLocalError: cannot access local variable 'kw_center_x' where it is not associated with a value

2025-08-15 20:21:45,893 ERROR Error in ocr_preview: cannot access local variable 'kw_center_x' where it is not associated with a value
Traceback (most recent call last):
  File "C:\Users\wadii\Desktop\stage_emsi_evoleo\backend\main.py", line 1052, in ocr_preview
    ht_match = find_value_for_field(is_valid_ht_keyword, is_tva=False, field_name="HT (Hors Taxes)")
               ^^^^^^^^^^^^^^^^^^^^^^^^^^^^^^^^^^^^^^^^^^^^^^^^^^^^^^^^^^^^^^^^^^^^^^^^^^^^^^^^^^^^^
  File "C:\Users\wadii\Desktop\stage_emsi_evoleo\backend\main.py", line 1009, in find_value_for_field
    result = process_keyword_set(total_kw, 'horizontal')
             ^^^^^^^^^^^^^^^^^^^^^^^^^^^^^^^^^^^^^^^^^^^
  File "C:\Users\wadii\Desktop\stage_emsi_evoleo\backend\main.py", line 860, in process_keyword_set
    print(f"  Center: ({box_center_x:.0f}, {box_center_y:.0f}) | Keyword bottom: ({kw_center_x:.0f}, {kw_bottom:.0f})")
          ^^^^^^^^^^^^^^^^^^^^^^^^^^^^^^^^^^^^^^^^^^^^^^^^^^^^^^^^^^^^^^^^^^^^^^^^^^^^^^^^^^^^^^^^^^^^^^^^^^^^^^^^^^^^
UnboundLocalError: cannot access local variable 'kw_center_x' where it is not associated with a value

2025-08-15 20:23:43,053 INFO Database tables created successfully
2025-08-15 20:23:43,069 INFO Default data inserted successfully
2025-08-15 20:23:43,069 INFO Database initialization completed successfully
2025-08-15 20:41:11,853 INFO Database tables created successfully
2025-08-15 20:41:11,856 INFO Default data inserted successfully
2025-08-15 20:41:11,856 INFO Database initialization completed successfully
2025-08-15 21:10:17,700 INFO Database tables created successfully
2025-08-15 21:10:17,704 INFO Default data inserted successfully
2025-08-15 21:10:17,705 INFO Database initialization completed successfully
2025-08-15 21:12:52,830 ERROR Error in ocr_preview: cannot access local variable 'num_facture_time' where it is not associated with a value
Traceback (most recent call last):
  File "C:\Users\wadii\Desktop\stage_emsi_evoleo\backend\main.py", line 1635, in ocr_preview
    print(f"\U0001f4c4 Invoice Number: {numfacture_value} (took {num_facture_time:.4f}s)")
          ^^^^^^^^^^^^^^^^^^^^^^^^^^^^^^^^^^^^^^^^^^^^^^^^^^^^^^^^^^^^^^^^^^^^^^^
UnboundLocalError: cannot access local variable 'num_facture_time' where it is not associated with a value

2025-08-15 21:12:54,727 ERROR Error in ocr_preview: cannot access local variable 'num_facture_time' where it is not associated with a value
Traceback (most recent call last):
  File "C:\Users\wadii\Desktop\stage_emsi_evoleo\backend\main.py", line 1635, in ocr_preview
    print(f"\U0001f4c4 Invoice Number: {numfacture_value} (took {num_facture_time:.4f}s)")
          ^^^^^^^^^^^^^^^^^^^^^^^^^^^^^^^^^^^^^^^^^^^^^^^^^^^^^^^^^^^^^^^^^^^^^^^
UnboundLocalError: cannot access local variable 'num_facture_time' where it is not associated with a value

2025-08-15 21:12:56,746 ERROR Error in ocr_preview: cannot access local variable 'num_facture_time' where it is not associated with a value
Traceback (most recent call last):
  File "C:\Users\wadii\Desktop\stage_emsi_evoleo\backend\main.py", line 1635, in ocr_preview
    print(f"\U0001f4c4 Invoice Number: {numfacture_value} (took {num_facture_time:.4f}s)")
          ^^^^^^^^^^^^^^^^^^^^^^^^^^^^^^^^^^^^^^^^^^^^^^^^^^^^^^^^^^^^^^^^^^^^^^^
UnboundLocalError: cannot access local variable 'num_facture_time' where it is not associated with a value

2025-08-15 21:13:01,305 ERROR Error in ocr_preview: cannot access local variable 'num_facture_time' where it is not associated with a value
Traceback (most recent call last):
  File "C:\Users\wadii\Desktop\stage_emsi_evoleo\backend\main.py", line 1635, in ocr_preview
    print(f"\U0001f4c4 Invoice Number: {numfacture_value} (took {num_facture_time:.4f}s)")
          ^^^^^^^^^^^^^^^^^^^^^^^^^^^^^^^^^^^^^^^^^^^^^^^^^^^^^^^^^^^^^^^^^^^^^^^
UnboundLocalError: cannot access local variable 'num_facture_time' where it is not associated with a value

2025-08-15 21:13:04,227 ERROR Error in ocr_preview: cannot access local variable 'num_facture_time' where it is not associated with a value
Traceback (most recent call last):
  File "C:\Users\wadii\Desktop\stage_emsi_evoleo\backend\main.py", line 1635, in ocr_preview
    print(f"\U0001f4c4 Invoice Number: {numfacture_value} (took {num_facture_time:.4f}s)")
          ^^^^^^^^^^^^^^^^^^^^^^^^^^^^^^^^^^^^^^^^^^^^^^^^^^^^^^^^^^^^^^^^^^^^^^^
UnboundLocalError: cannot access local variable 'num_facture_time' where it is not associated with a value

2025-08-15 21:13:08,927 ERROR Error in ocr_preview: cannot access local variable 'num_facture_time' where it is not associated with a value
Traceback (most recent call last):
  File "C:\Users\wadii\Desktop\stage_emsi_evoleo\backend\main.py", line 1635, in ocr_preview
    print(f"\U0001f4c4 Invoice Number: {numfacture_value} (took {num_facture_time:.4f}s)")
          ^^^^^^^^^^^^^^^^^^^^^^^^^^^^^^^^^^^^^^^^^^^^^^^^^^^^^^^^^^^^^^^^^^^^^^^
UnboundLocalError: cannot access local variable 'num_facture_time' where it is not associated with a value

2025-08-15 21:13:10,680 ERROR Error in ocr_preview: cannot access local variable 'num_facture_time' where it is not associated with a value
Traceback (most recent call last):
  File "C:\Users\wadii\Desktop\stage_emsi_evoleo\backend\main.py", line 1635, in ocr_preview
    print(f"\U0001f4c4 Invoice Number: {numfacture_value} (took {num_facture_time:.4f}s)")
          ^^^^^^^^^^^^^^^^^^^^^^^^^^^^^^^^^^^^^^^^^^^^^^^^^^^^^^^^^^^^^^^^^^^^^^^
UnboundLocalError: cannot access local variable 'num_facture_time' where it is not associated with a value

2025-08-15 21:13:12,494 ERROR Error in ocr_preview: cannot access local variable 'num_facture_time' where it is not associated with a value
Traceback (most recent call last):
  File "C:\Users\wadii\Desktop\stage_emsi_evoleo\backend\main.py", line 1635, in ocr_preview
    print(f"\U0001f4c4 Invoice Number: {numfacture_value} (took {num_facture_time:.4f}s)")
          ^^^^^^^^^^^^^^^^^^^^^^^^^^^^^^^^^^^^^^^^^^^^^^^^^^^^^^^^^^^^^^^^^^^^^^^
UnboundLocalError: cannot access local variable 'num_facture_time' where it is not associated with a value

2025-08-15 21:13:14,744 ERROR Error in ocr_preview: cannot access local variable 'num_facture_time' where it is not associated with a value
Traceback (most recent call last):
  File "C:\Users\wadii\Desktop\stage_emsi_evoleo\backend\main.py", line 1635, in ocr_preview
    print(f"\U0001f4c4 Invoice Number: {numfacture_value} (took {num_facture_time:.4f}s)")
          ^^^^^^^^^^^^^^^^^^^^^^^^^^^^^^^^^^^^^^^^^^^^^^^^^^^^^^^^^^^^^^^^^^^^^^^
UnboundLocalError: cannot access local variable 'num_facture_time' where it is not associated with a value

2025-08-15 21:14:52,391 INFO Database tables created successfully
2025-08-15 21:14:52,395 INFO Default data inserted successfully
2025-08-15 21:14:52,396 INFO Database initialization completed successfully
2025-08-18 00:23:43,678 INFO Database tables created successfully
2025-08-18 00:23:43,692 INFO Default data inserted successfully
2025-08-18 00:23:43,692 INFO Database initialization completed successfully
2025-08-18 00:24:08,208 ERROR Erreur lors de l'inscription: 'date_creation'
2025-08-18 00:24:10,697 ERROR Erreur lors de la connexion: 'actif'
2025-08-18 00:24:54,415 ERROR Erreur lors de l'inscription: 'date_creation'
2025-08-18 00:25:00,803 ERROR Erreur lors de la connexion: 'actif'
2025-08-18 00:25:09,337 ERROR Erreur lors de la connexion: 'actif'
2025-08-18 00:26:08,212 INFO Database tables created successfully
2025-08-18 00:26:08,215 INFO Default data inserted successfully
2025-08-18 00:26:08,216 INFO Database initialization completed successfully
2025-08-18 00:26:31,888 INFO Database tables created successfully
2025-08-18 00:26:31,890 INFO Default data inserted successfully
2025-08-18 00:26:31,890 INFO Database initialization completed successfully
2025-08-18 00:43:49,390 INFO Database tables created successfully
2025-08-18 00:43:49,393 INFO Admin user created
2025-08-18 00:43:49,400 INFO Default field names inserted
2025-08-18 00:43:49,401 INFO Default data inserted successfully
2025-08-18 00:43:49,402 INFO Database initialization completed successfully
2025-08-18 00:44:53,704 ERROR Erreur lors de l'inscription: 1 validation error for UserResponse
date_creation
  Input should be a valid datetime [type=datetime_type, input_value=None, input_type=NoneType]
    For further information visit https://errors.pydantic.dev/2.11/v/datetime_type
2025-08-18 00:51:50,994 INFO Database tables created successfully
2025-08-18 00:51:51,048 INFO Admin user created
2025-08-18 00:51:51,062 INFO Default field names inserted
2025-08-18 00:51:51,073 INFO Default data inserted successfully
2025-08-18 00:51:51,074 INFO Database initialization completed successfully
2025-08-18 00:57:12,155 INFO Database tables created successfully
2025-08-18 00:57:12,203 INFO Admin user created
2025-08-18 00:57:12,217 INFO Default field names inserted
2025-08-18 00:57:12,230 INFO Default data inserted successfully
2025-08-18 00:57:12,230 INFO Database initialization completed successfully
2025-08-18 00:59:10,451 INFO Database tables created successfully
2025-08-18 00:59:10,497 INFO Default data inserted successfully
2025-08-18 00:59:10,497 INFO Database initialization completed successfully
2025-08-18 01:04:29,328 INFO Database tables created successfully
2025-08-18 01:04:29,366 INFO Default data inserted successfully
2025-08-18 01:04:29,366 INFO Database initialization completed successfully
2025-08-18 01:14:36,151 INFO Database tables created successfully
2025-08-18 01:14:36,199 INFO Default data inserted successfully
2025-08-18 01:14:36,199 INFO Database initialization completed successfully
2025-08-18 01:15:25,802 INFO Database tables created successfully
2025-08-18 01:15:25,879 INFO Default data inserted successfully
2025-08-18 01:15:25,879 INFO Database initialization completed successfully
2025-08-18 01:17:55,327 INFO Database tables created successfully
2025-08-18 01:17:55,365 INFO Default data inserted successfully
2025-08-18 01:17:55,365 INFO Database initialization completed successfully
2025-08-18 01:18:38,927 INFO Database tables created successfully
2025-08-18 01:18:38,980 INFO Default data inserted successfully
2025-08-18 01:18:38,981 INFO Database initialization completed successfully
2025-08-18 01:19:51,501 INFO Database tables created successfully
2025-08-18 01:19:51,540 INFO Default data inserted successfully
2025-08-18 01:19:51,540 INFO Database initialization completed successfully
2025-08-18 01:20:51,265 INFO Database tables created successfully
2025-08-18 01:20:51,306 INFO Admin user created
2025-08-18 01:20:51,320 INFO Default field names inserted
2025-08-18 01:20:51,333 INFO Default data inserted successfully
2025-08-18 01:20:51,334 INFO Database initialization completed successfully
2025-08-18 01:21:29,855 INFO Database tables created successfully
2025-08-18 01:21:29,917 INFO Default data inserted successfully
2025-08-18 01:21:29,917 INFO Database initialization completed successfully
2025-08-18 01:24:21,217 ERROR Unexpected error saving mapping: (asyncmy.errors.OperationalError) (1054, "Unknown column 'templates.fournisseur' in 'field list'")
[SQL: SELECT templates.id, templates.name, templates.serial, templates.fournisseur, templates.created_by, templates.created_at, templates.updated_at 
FROM templates 
WHERE templates.name = %s AND templates.created_by = %s]
[parameters: ('capi', 1)]
(Background on this error at: https://sqlalche.me/e/20/e3q8)
Traceback (most recent call last):
  File "C:\Users\wadii\anaconda3\envs\gpu\Lib\site-packages\sqlalchemy\engine\base.py", line 1961, in _exec_single_context
    self.dialect.do_execute(
  File "C:\Users\wadii\anaconda3\envs\gpu\Lib\site-packages\sqlalchemy\engine\default.py", line 944, in do_execute
    cursor.execute(statement, parameters)
  File "C:\Users\wadii\anaconda3\envs\gpu\Lib\site-packages\sqlalchemy\connectors\asyncio.py", line 192, in execute
    self._adapt_connection._handle_exception(error)
  File "C:\Users\wadii\anaconda3\envs\gpu\Lib\site-packages\sqlalchemy\dialects\mysql\asyncmy.py", line 88, in _handle_exception
    raise error
  File "C:\Users\wadii\anaconda3\envs\gpu\Lib\site-packages\sqlalchemy\connectors\asyncio.py", line 190, in execute
    return self.await_(self._execute_async(operation, parameters))
           ^^^^^^^^^^^^^^^^^^^^^^^^^^^^^^^^^^^^^^^^^^^^^^^^^^^^^^^
  File "C:\Users\wadii\anaconda3\envs\gpu\Lib\site-packages\sqlalchemy\util\_concurrency_py3k.py", line 132, in await_only
    return current.parent.switch(awaitable)  # type: ignore[no-any-return,attr-defined] # noqa: E501
           ^^^^^^^^^^^^^^^^^^^^^^^^^^^^^^^^
  File "C:\Users\wadii\anaconda3\envs\gpu\Lib\site-packages\sqlalchemy\util\_concurrency_py3k.py", line 196, in greenlet_spawn
    value = await result
            ^^^^^^^^^^^^
  File "C:\Users\wadii\anaconda3\envs\gpu\Lib\site-packages\sqlalchemy\connectors\asyncio.py", line 213, in _execute_async
    result = await self._cursor.execute(operation, parameters)
             ^^^^^^^^^^^^^^^^^^^^^^^^^^^^^^^^^^^^^^^^^^^^^^^^^
  File "asyncmy\\cursors.pyx", line 179, in execute
  File "asyncmy\\cursors.pyx", line 364, in _query
  File "asyncmy\\connection.pyx", line 496, in query
  File "asyncmy\\connection.pyx", line 684, in _read_query_result
  File "asyncmy\\connection.pyx", line 1071, in read
  File "asyncmy\\connection.pyx", line 646, in read_packet
  File "asyncmy\\protocol.pyx", line 190, in asyncmy.protocol.MysqlPacket.raise_for_error
  File "asyncmy\\protocol.pyx", line 194, in asyncmy.protocol.MysqlPacket.raise_for_error
  File "asyncmy\\errors.pyx", line 128, in asyncmy.errors.raise_mysql_exception
  File "asyncmy\\errors.pyx", line 137, in asyncmy.errors.raise_mysql_exception
asyncmy.errors.OperationalError: (1054, "Unknown column 'templates.fournisseur' in 'field list'")

The above exception was the direct cause of the following exception:

Traceback (most recent call last):
  File "C:\Users\wadii\Desktop\stage_emsi_evoleo\backend\main.py", line 464, in save_field_mapping
    success = await template_service.save_mapping(
              ^^^^^^^^^^^^^^^^^^^^^^^^^^^^^^^^^^^^
  File "C:\Users\wadii\Desktop\stage_emsi_evoleo\backend\services\template_service.py", line 111, in save_mapping
    raise e
  File "C:\Users\wadii\Desktop\stage_emsi_evoleo\backend\services\template_service.py", line 34, in save_mapping
    template = await self.template_repo.get_by_name_and_user(template_name, current_user_id)
               ^^^^^^^^^^^^^^^^^^^^^^^^^^^^^^^^^^^^^^^^^^^^^^^^^^^^^^^^^^^^^^^^^^^^^^^^^^^^^
  File "C:\Users\wadii\Desktop\stage_emsi_evoleo\backend\database\repositories.py", line 49, in get_by_name_and_user
    result = await self.session.execute(
             ^^^^^^^^^^^^^^^^^^^^^^^^^^^
  File "C:\Users\wadii\anaconda3\envs\gpu\Lib\site-packages\sqlalchemy\ext\asyncio\session.py", line 463, in execute
    result = await greenlet_spawn(
             ^^^^^^^^^^^^^^^^^^^^^
  File "C:\Users\wadii\anaconda3\envs\gpu\Lib\site-packages\sqlalchemy\util\_concurrency_py3k.py", line 201, in greenlet_spawn
    result = context.throw(*sys.exc_info())
             ^^^^^^^^^^^^^^^^^^^^^^^^^^^^^^
  File "C:\Users\wadii\anaconda3\envs\gpu\Lib\site-packages\sqlalchemy\orm\session.py", line 2365, in execute
    return self._execute_internal(
           ^^^^^^^^^^^^^^^^^^^^^^^
  File "C:\Users\wadii\anaconda3\envs\gpu\Lib\site-packages\sqlalchemy\orm\session.py", line 2251, in _execute_internal
    result: Result[Any] = compile_state_cls.orm_execute_statement(
                          ^^^^^^^^^^^^^^^^^^^^^^^^^^^^^^^^^^^^^^^^
  File "C:\Users\wadii\anaconda3\envs\gpu\Lib\site-packages\sqlalchemy\orm\context.py", line 306, in orm_execute_statement
    result = conn.execute(
             ^^^^^^^^^^^^^
  File "C:\Users\wadii\anaconda3\envs\gpu\Lib\site-packages\sqlalchemy\engine\base.py", line 1413, in execute
    return meth(
           ^^^^^
  File "C:\Users\wadii\anaconda3\envs\gpu\Lib\site-packages\sqlalchemy\sql\elements.py", line 526, in _execute_on_connection
    return connection._execute_clauseelement(
           ^^^^^^^^^^^^^^^^^^^^^^^^^^^^^^^^^^
  File "C:\Users\wadii\anaconda3\envs\gpu\Lib\site-packages\sqlalchemy\engine\base.py", line 1635, in _execute_clauseelement
    ret = self._execute_context(
          ^^^^^^^^^^^^^^^^^^^^^^
  File "C:\Users\wadii\anaconda3\envs\gpu\Lib\site-packages\sqlalchemy\engine\base.py", line 1840, in _execute_context
    return self._exec_single_context(
           ^^^^^^^^^^^^^^^^^^^^^^^^^^
  File "C:\Users\wadii\anaconda3\envs\gpu\Lib\site-packages\sqlalchemy\engine\base.py", line 1980, in _exec_single_context
    self._handle_dbapi_exception(
  File "C:\Users\wadii\anaconda3\envs\gpu\Lib\site-packages\sqlalchemy\engine\base.py", line 2349, in _handle_dbapi_exception
    raise sqlalchemy_exception.with_traceback(exc_info[2]) from e
  File "C:\Users\wadii\anaconda3\envs\gpu\Lib\site-packages\sqlalchemy\engine\base.py", line 1961, in _exec_single_context
    self.dialect.do_execute(
  File "C:\Users\wadii\anaconda3\envs\gpu\Lib\site-packages\sqlalchemy\engine\default.py", line 944, in do_execute
    cursor.execute(statement, parameters)
  File "C:\Users\wadii\anaconda3\envs\gpu\Lib\site-packages\sqlalchemy\connectors\asyncio.py", line 192, in execute
    self._adapt_connection._handle_exception(error)
  File "C:\Users\wadii\anaconda3\envs\gpu\Lib\site-packages\sqlalchemy\dialects\mysql\asyncmy.py", line 88, in _handle_exception
    raise error
  File "C:\Users\wadii\anaconda3\envs\gpu\Lib\site-packages\sqlalchemy\connectors\asyncio.py", line 190, in execute
    return self.await_(self._execute_async(operation, parameters))
           ^^^^^^^^^^^^^^^^^^^^^^^^^^^^^^^^^^^^^^^^^^^^^^^^^^^^^^^
  File "C:\Users\wadii\anaconda3\envs\gpu\Lib\site-packages\sqlalchemy\util\_concurrency_py3k.py", line 132, in await_only
    return current.parent.switch(awaitable)  # type: ignore[no-any-return,attr-defined] # noqa: E501
           ^^^^^^^^^^^^^^^^^^^^^^^^^^^^^^^^
  File "C:\Users\wadii\anaconda3\envs\gpu\Lib\site-packages\sqlalchemy\util\_concurrency_py3k.py", line 196, in greenlet_spawn
    value = await result
            ^^^^^^^^^^^^
  File "C:\Users\wadii\anaconda3\envs\gpu\Lib\site-packages\sqlalchemy\connectors\asyncio.py", line 213, in _execute_async
    result = await self._cursor.execute(operation, parameters)
             ^^^^^^^^^^^^^^^^^^^^^^^^^^^^^^^^^^^^^^^^^^^^^^^^^
  File "asyncmy\\cursors.pyx", line 179, in execute
  File "asyncmy\\cursors.pyx", line 364, in _query
  File "asyncmy\\connection.pyx", line 496, in query
  File "asyncmy\\connection.pyx", line 684, in _read_query_result
  File "asyncmy\\connection.pyx", line 1071, in read
  File "asyncmy\\connection.pyx", line 646, in read_packet
  File "asyncmy\\protocol.pyx", line 190, in asyncmy.protocol.MysqlPacket.raise_for_error
  File "asyncmy\\protocol.pyx", line 194, in asyncmy.protocol.MysqlPacket.raise_for_error
  File "asyncmy\\errors.pyx", line 128, in asyncmy.errors.raise_mysql_exception
  File "asyncmy\\errors.pyx", line 137, in asyncmy.errors.raise_mysql_exception
sqlalchemy.exc.OperationalError: (asyncmy.errors.OperationalError) (1054, "Unknown column 'templates.fournisseur' in 'field list'")
[SQL: SELECT templates.id, templates.name, templates.serial, templates.fournisseur, templates.created_by, templates.created_at, templates.updated_at 
FROM templates 
WHERE templates.name = %s AND templates.created_by = %s]
[parameters: ('capi', 1)]
(Background on this error at: https://sqlalche.me/e/20/e3q8)
2025-08-18 01:25:19,576 INFO Database tables created successfully
2025-08-18 01:25:19,610 INFO Database schema updated successfully
2025-08-18 01:25:19,656 INFO Default data inserted successfully
2025-08-18 01:25:19,657 INFO Database initialization completed successfully
2025-08-18 01:25:46,331 INFO Database tables created successfully
2025-08-18 01:25:46,412 INFO Default data inserted successfully
2025-08-18 01:25:46,412 INFO Database initialization completed successfully
2025-08-18 01:33:35,183 ERROR Unexpected error saving mapping: 'dict' object has no attribute 'template_id'
Traceback (most recent call last):
  File "C:\Users\wadii\Desktop\stage_emsi_evoleo\backend\main.py", line 474, in save_field_mapping
    "template_id": request.template_id,
                   ^^^^^^^^^^^^^^^^^^^
AttributeError: 'dict' object has no attribute 'template_id'
2025-08-18 01:34:02,539 INFO Database tables created successfully
2025-08-18 01:34:02,614 INFO Default data inserted successfully
2025-08-18 01:34:02,614 INFO Database initialization completed successfully
2025-08-18 01:36:59,384 INFO Initializing database...
2025-08-18 01:36:59,440 INFO Database tables created successfully
2025-08-18 01:36:59,497 INFO Default data inserted successfully
2025-08-18 01:36:59,497 INFO Database initialization complete
2025-08-18 01:49:15,705 ERROR Unexpected error saving mapping: 'dict' object has no attribute 'template_id'
Traceback (most recent call last):
  File "C:\Users\wadii\Desktop\stage_emsi_evoleo\backend\main.py", line 474, in save_field_mapping
    "template_id": request.template_id,
                   ^^^^^^^^^^^^^^^^^^^
AttributeError: 'dict' object has no attribute 'template_id'
2025-08-18 01:49:31,056 ERROR Unexpected error saving mapping: 'dict' object has no attribute 'template_id'
Traceback (most recent call last):
  File "C:\Users\wadii\Desktop\stage_emsi_evoleo\backend\main.py", line 474, in save_field_mapping
    "template_id": request.template_id,
                   ^^^^^^^^^^^^^^^^^^^
AttributeError: 'dict' object has no attribute 'template_id'
2025-08-18 01:51:44,397 INFO Initializing database...
2025-08-18 01:51:44,453 INFO Database tables created successfully
2025-08-18 01:51:44,509 INFO Default data inserted successfully
2025-08-18 01:51:44,509 INFO Database initialization complete
2025-08-18 01:52:11,886 INFO Initializing database...
2025-08-18 01:52:11,937 INFO Database tables created successfully
2025-08-18 01:52:11,990 INFO Default data inserted successfully
2025-08-18 01:52:11,990 INFO Database initialization complete
2025-08-18 01:52:34,744 INFO Initializing database...
2025-08-18 01:52:34,795 INFO Database tables created successfully
2025-08-18 01:52:34,843 INFO Default data inserted successfully
2025-08-18 01:52:34,844 INFO Database initialization complete
2025-08-18 12:13:12,441 INFO Initializing database...
2025-08-18 12:13:12,529 INFO Database tables created successfully
2025-08-18 12:13:12,627 INFO Default data inserted successfully
2025-08-18 12:13:12,627 INFO Database initialization complete
2025-08-18 12:15:31,111 INFO Initializing database...
2025-08-18 12:15:31,155 INFO Database tables created successfully
2025-08-18 12:15:31,240 INFO Default data inserted successfully
2025-08-18 12:15:31,240 INFO Database initialization complete
2025-08-18 12:22:34,189 ERROR Error in ocr_preview: cannot access local variable 'num_facture_time' where it is not associated with a value
Traceback (most recent call last):
  File "C:\Users\wadii\Desktop\stage_emsi_evoleo\backend\main.py", line 1650, in ocr_preview
    print(f"\U0001f4c4 Invoice Number: {numfacture_value} (took {num_facture_time:.4f}s)")
          ^^^^^^^^^^^^^^^^^^^^^^^^^^^^^^^^^^^^^^^^^^^^^^^^^^^^^^^^^^^^^^^^^^^^^^^
UnboundLocalError: cannot access local variable 'num_facture_time' where it is not associated with a value

2025-08-18 12:23:01,234 ERROR Error in ocr_preview: cannot access local variable 'num_facture_time' where it is not associated with a value
Traceback (most recent call last):
  File "C:\Users\wadii\Desktop\stage_emsi_evoleo\backend\main.py", line 1650, in ocr_preview
    print(f"\U0001f4c4 Invoice Number: {numfacture_value} (took {num_facture_time:.4f}s)")
          ^^^^^^^^^^^^^^^^^^^^^^^^^^^^^^^^^^^^^^^^^^^^^^^^^^^^^^^^^^^^^^^^^^^^^^^
UnboundLocalError: cannot access local variable 'num_facture_time' where it is not associated with a value

2025-08-18 12:24:19,399 ERROR Erreur lors de l'criture dans le fichier DBF: field 'NUMFACT': ('tried to store 18 bytes in 15 byte field',)
2025-08-18 12:24:19,416 ERROR Erreur fatale lors de la cration du fichier DBF: C:\Users\wadii\Desktop\stage_emsi_evoleo\backend\foxpro\factures.dbf not in read/write mode, unable to append records
2025-08-18 12:24:19,416 WARNING Impossible de crer le fichier DBF: C:\Users\wadii\Desktop\stage_emsi_evoleo\backend\foxpro\factures.dbf not in read/write mode, unable to append records
2025-08-18 12:32:56,790 INFO Initializing database...
2025-08-18 12:32:56,873 INFO Database tables created successfully
2025-08-18 12:32:56,947 INFO Default data inserted successfully
2025-08-18 12:32:56,947 INFO Database initialization complete
2025-08-18 13:06:47,365 INFO Initializing database...
2025-08-18 13:06:47,442 INFO Database tables created successfully
2025-08-18 13:06:47,508 INFO Default data inserted successfully
2025-08-18 13:06:47,508 INFO Database initialization complete
2025-08-18 13:07:42,667 INFO Initializing database...
2025-08-18 13:07:42,762 INFO Database tables created successfully
2025-08-18 13:07:42,845 INFO Default data inserted successfully
2025-08-18 13:07:42,846 INFO Database initialization complete
2025-08-18 13:08:33,085 INFO Initializing database...
2025-08-18 13:08:33,177 INFO Database tables created successfully
2025-08-18 13:08:33,257 INFO Default data inserted successfully
2025-08-18 13:08:33,257 INFO Database initialization complete
2025-08-18 13:10:49,455 INFO Initializing database...
2025-08-18 13:10:49,564 INFO Database tables created successfully
2025-08-18 13:10:49,656 INFO Default data inserted successfully
2025-08-18 13:10:49,656 INFO Database initialization complete
2025-08-18 13:11:22,266 INFO Initializing database...
2025-08-18 13:11:22,342 INFO Database tables created successfully
2025-08-18 13:11:22,416 INFO Default data inserted successfully
2025-08-18 13:11:22,417 INFO Database initialization complete
2025-08-18 13:12:05,527 INFO Initializing database...
2025-08-18 13:12:05,583 INFO Database tables created successfully
2025-08-18 13:12:05,646 INFO Default data inserted successfully
2025-08-18 13:12:05,646 INFO Database initialization complete
2025-08-18 13:15:59,607 INFO Initializing database...
2025-08-18 13:15:59,678 INFO Database tables created successfully
2025-08-18 13:15:59,752 INFO Default data inserted successfully
2025-08-18 13:15:59,753 INFO Database initialization complete
2025-08-18 13:19:45,058 INFO Initializing database...
2025-08-18 13:19:45,114 INFO Database tables created successfully
2025-08-18 13:19:45,174 INFO Default data inserted successfully
2025-08-18 13:19:45,174 INFO Database initialization complete
2025-08-18 13:21:07,806 INFO Initializing database...
2025-08-18 13:21:07,863 INFO Database tables created successfully
2025-08-18 13:21:07,946 INFO Default data inserted successfully
2025-08-18 13:21:07,947 INFO Database initialization complete
2025-08-18 13:21:48,724 INFO Initializing database...
2025-08-18 13:21:48,792 INFO Database tables created successfully
2025-08-18 13:21:48,856 INFO Default data inserted successfully
2025-08-18 13:21:48,857 INFO Database initialization complete
2025-08-18 13:34:14,973 INFO Initializing database...
2025-08-18 13:34:15,128 INFO Database tables created successfully
2025-08-18 13:34:15,199 INFO Default data inserted successfully
2025-08-18 13:34:15,199 INFO Database initialization complete
2025-08-18 13:34:46,947 ERROR Error in ocr_preview: cannot access local variable 'num_facture_time' where it is not associated with a value
Traceback (most recent call last):
  File "C:\Users\wadii\Desktop\stage_emsi_evoleo\backend\main.py", line 1650, in ocr_preview
    print(f"\U0001f4c4 Invoice Number: {numfacture_value} (took {num_facture_time:.4f}s)")
          ^^^^^^^^^^^^^^^^^^^^^^^^^^^^^^^^^^^^^^^^^^^^^^^^^^^^^^^^^^^^^^^^^^^^^^^
UnboundLocalError: cannot access local variable 'num_facture_time' where it is not associated with a value

2025-08-18 13:34:54,156 ERROR Error in ocr_preview: cannot access local variable 'num_facture_time' where it is not associated with a value
Traceback (most recent call last):
  File "C:\Users\wadii\Desktop\stage_emsi_evoleo\backend\main.py", line 1650, in ocr_preview
    print(f"\U0001f4c4 Invoice Number: {numfacture_value} (took {num_facture_time:.4f}s)")
          ^^^^^^^^^^^^^^^^^^^^^^^^^^^^^^^^^^^^^^^^^^^^^^^^^^^^^^^^^^^^^^^^^^^^^^^
UnboundLocalError: cannot access local variable 'num_facture_time' where it is not associated with a value

2025-08-18 13:41:24,222 INFO Initializing database...
2025-08-18 13:41:24,263 INFO Database tables created successfully
2025-08-18 13:41:24,305 INFO Default data inserted successfully
2025-08-18 13:41:24,305 INFO Database initialization complete
2025-08-18 13:43:22,367 INFO Initializing database...
2025-08-18 13:43:22,441 INFO Database tables created successfully
2025-08-18 13:43:22,505 INFO Default data inserted successfully
2025-08-18 13:43:22,505 INFO Database initialization complete
2025-08-18 13:44:34,725 INFO Initializing database...
2025-08-18 13:44:34,788 INFO Database tables created successfully
2025-08-18 13:44:34,839 INFO Default data inserted successfully
2025-08-18 13:44:34,839 INFO Database initialization complete
2025-08-18 13:45:10,904 INFO Initializing database...
2025-08-18 13:45:10,979 INFO Database tables created successfully
2025-08-18 13:45:11,064 INFO Default data inserted successfully
2025-08-18 13:45:11,064 INFO Database initialization complete
2025-08-18 13:51:43,484 INFO Initializing database...
2025-08-18 13:51:43,528 INFO Database tables created successfully
2025-08-18 13:51:43,569 INFO Default data inserted successfully
2025-08-18 13:51:43,569 INFO Database initialization complete
2025-08-18 14:31:41,370 ERROR Erreur lors de l'criture dans le fichier DBF: field 'NUMFACT': ('tried to store 19 bytes in 15 byte field',)
2025-08-18 14:31:41,379 ERROR Erreur fatale lors de la cration du fichier DBF: C:\Users\wadii\Desktop\stage_emsi_evoleo\backend\foxpro\factures.dbf not in read/write mode, unable to append records
2025-08-18 14:31:41,380 WARNING Impossible de crer le fichier DBF: C:\Users\wadii\Desktop\stage_emsi_evoleo\backend\foxpro\factures.dbf not in read/write mode, unable to append records
2025-08-18 15:44:13,884 INFO Initializing database...
2025-08-18 15:44:13,943 INFO Database tables created successfully
2025-08-18 15:44:14,017 INFO Default data inserted successfully
2025-08-18 15:44:14,018 INFO Database initialization complete
2025-08-18 16:17:07,676 INFO Initializing database...
2025-08-18 16:17:07,721 INFO Database tables created successfully
2025-08-18 16:17:07,770 INFO Default data inserted successfully
2025-08-18 16:17:07,770 INFO Database initialization complete
2025-08-18 16:18:30,686 INFO Initializing database...
2025-08-18 16:18:30,760 INFO Database tables created successfully
2025-08-18 16:18:30,824 INFO Default data inserted successfully
2025-08-18 16:18:30,824 INFO Database initialization complete
2025-08-18 16:19:49,949 INFO Initializing database...
2025-08-18 16:19:49,992 INFO Database tables created successfully
2025-08-18 16:19:50,041 INFO Default data inserted successfully
2025-08-18 16:19:50,041 INFO Database initialization complete
2025-08-18 16:22:02,522 INFO Initializing database...
2025-08-18 16:22:02,785 INFO Database tables created successfully
2025-08-18 16:22:02,805 ERROR Error updating database schema: (pymysql.err.OperationalError) (1060, "Duplicate column name 'created_at'")
[SQL: 
                    ALTER TABLE templates
                    ADD COLUMN fournisseur VARCHAR(255) NULL AFTER serial,
                    ADD COLUMN created_at DATETIME DEFAULT CURRENT_TIMESTAMP,
                    ADD COLUMN updated_at DATETIME DEFAULT CURRENT_TIMESTAMP ON UPDATE CURRENT_TIMESTAMP
                    ]
(Background on this error at: https://sqlalche.me/e/20/e3q8)
2025-08-18 16:22:02,805 ERROR Error initializing database: (pymysql.err.OperationalError) (1060, "Duplicate column name 'created_at'")
[SQL: 
                    ALTER TABLE templates
                    ADD COLUMN fournisseur VARCHAR(255) NULL AFTER serial,
                    ADD COLUMN created_at DATETIME DEFAULT CURRENT_TIMESTAMP,
                    ADD COLUMN updated_at DATETIME DEFAULT CURRENT_TIMESTAMP ON UPDATE CURRENT_TIMESTAMP
                    ]
(Background on this error at: https://sqlalche.me/e/20/e3q8)
2025-08-18 16:24:07,130 INFO Initializing database...
2025-08-18 16:24:07,188 INFO Database tables created successfully
2025-08-18 16:24:07,230 INFO Admin user created
2025-08-18 16:24:07,240 INFO Default field names inserted
2025-08-18 16:24:07,251 INFO Default data inserted successfully
2025-08-18 16:24:07,252 INFO Database initialization complete
2025-08-18 16:34:48,952 INFO Initializing database...
2025-08-18 16:34:48,997 INFO Database tables created successfully
2025-08-18 16:34:49,048 INFO Default data inserted successfully
2025-08-18 16:34:49,049 INFO Database initialization complete
2025-08-18 16:35:06,170 INFO Initializing database...
2025-08-18 16:35:06,212 INFO Database tables created successfully
2025-08-18 16:35:06,252 INFO Default data inserted successfully
2025-08-18 16:35:06,252 INFO Database initialization complete
2025-08-18 17:11:09,126 ERROR Error in ocr_preview: cannot access local variable 'num_facture_time' where it is not associated with a value
Traceback (most recent call last):
  File "C:\Users\wadii\Desktop\stage_emsi_evoleo\backend\main.py", line 1663, in ocr_preview
    print(f"\U0001f4c4 Invoice Number: {numfacture_value} (took {num_facture_time:.4f}s)")
          ^^^^^^^^^^^^^^^^^^^^^^^^^^^^^^^^^^^^^^^^^^^^^^^^^^^^^^^^^^^^^^^^^^^^^^^
UnboundLocalError: cannot access local variable 'num_facture_time' where it is not associated with a value

2025-08-18 18:47:37,725 INFO Initializing database...
2025-08-18 18:47:37,981 INFO Database tables created successfully
2025-08-18 18:47:38,155 INFO Default data inserted successfully
2025-08-18 18:47:38,155 INFO Database initialization complete
2025-08-18 19:14:54,259 INFO Initializing database...
2025-08-18 19:14:54,346 INFO Database tables created successfully
2025-08-18 19:14:54,453 INFO Default data inserted successfully
2025-08-18 19:14:54,453 INFO Database initialization complete
2025-08-19 01:14:38,068 INFO Initializing database...
2025-08-19 01:14:38,191 INFO Database tables created successfully
2025-08-19 01:14:38,375 INFO Default data inserted successfully
2025-08-19 01:14:38,375 INFO Database initialization complete
2025-08-19 01:19:31,835 INFO Initializing database...
2025-08-19 01:19:31,877 INFO Database tables created successfully
2025-08-19 01:19:31,917 INFO Default data inserted successfully
2025-08-19 01:19:31,917 INFO Database initialization complete
2025-08-19 02:04:15,197 INFO Initializing database...
2025-08-19 02:04:15,246 INFO Database tables created successfully
2025-08-19 02:04:15,301 INFO Default data inserted successfully
2025-08-19 02:04:15,301 INFO Database initialization complete
2025-08-19 02:04:34,904 INFO Initializing database...
2025-08-19 02:04:34,946 INFO Database tables created successfully
2025-08-19 02:04:34,987 INFO Default data inserted successfully
2025-08-19 02:04:34,987 INFO Database initialization complete
2025-08-19 02:08:12,639 INFO Initializing database...
2025-08-19 02:08:12,688 INFO Database tables created successfully
2025-08-19 02:08:12,731 INFO Default data inserted successfully
2025-08-19 02:08:12,731 INFO Database initialization complete
2025-08-19 02:10:34,762 ERROR Erreur lors de l'criture dans le fichier DBF: field 'NUMFACT': ('tried to store 19 bytes in 15 byte field',)
2025-08-19 02:10:34,778 ERROR Erreur fatale lors de la cration du fichier DBF: C:\Users\wadii\Desktop\stage_emsi_evoleo\backend\foxpro\factures.dbf not in read/write mode, unable to append records
2025-08-19 02:10:34,778 WARNING Impossible de crer le fichier DBF: C:\Users\wadii\Desktop\stage_emsi_evoleo\backend\foxpro\factures.dbf not in read/write mode, unable to append records
2025-08-19 02:13:33,908 INFO Initializing database...
2025-08-19 02:13:33,954 INFO Database tables created successfully
2025-08-19 02:13:33,999 INFO Default data inserted successfully
2025-08-19 02:13:33,999 INFO Database initialization complete
2025-08-19 02:22:09,901 INFO Initializing database...
2025-08-19 02:22:09,950 INFO Database tables created successfully
2025-08-19 02:22:09,998 INFO Default data inserted successfully
2025-08-19 02:22:09,999 INFO Database initialization complete
2025-08-19 02:23:06,259 INFO Initializing database...
2025-08-19 02:23:06,307 INFO Database tables created successfully
2025-08-19 02:23:06,355 INFO Default data inserted successfully
2025-08-19 02:23:06,356 INFO Database initialization complete
2025-08-19 02:26:23,169 INFO Initializing database...
2025-08-19 02:26:23,211 INFO Database tables created successfully
2025-08-19 02:26:23,253 INFO Default data inserted successfully
2025-08-19 02:26:23,253 INFO Database initialization complete
2025-08-19 02:26:40,932 INFO Initializing database...
2025-08-19 02:26:40,976 INFO Database tables created successfully
2025-08-19 02:26:41,021 INFO Default data inserted successfully
2025-08-19 02:26:41,021 INFO Database initialization complete
2025-08-19 02:27:26,589 INFO Initializing database...
2025-08-19 02:27:26,633 INFO Database tables created successfully
2025-08-19 02:27:26,675 INFO Default data inserted successfully
2025-08-19 02:27:26,675 INFO Database initialization complete
2025-08-19 02:28:54,330 INFO Initializing database...
2025-08-19 02:28:54,375 INFO Database tables created successfully
2025-08-19 02:28:54,416 INFO Default data inserted successfully
2025-08-19 02:28:54,416 INFO Database initialization complete
2025-08-19 02:31:19,719 INFO Initializing database...
2025-08-19 02:31:19,763 INFO Database tables created successfully
2025-08-19 02:31:19,803 INFO Default data inserted successfully
2025-08-19 02:31:19,803 INFO Database initialization complete
2025-08-19 02:39:09,937 INFO Initializing database...
2025-08-19 02:39:10,025 INFO Database tables created successfully
2025-08-19 02:39:10,093 INFO Default data inserted successfully
2025-08-19 02:39:10,094 INFO Database initialization complete
2025-08-19 13:13:33,109 INFO Initializing database...
2025-08-19 13:13:33,183 INFO Database tables created successfully
2025-08-19 13:13:33,280 INFO Default data inserted successfully
2025-08-19 13:13:33,280 INFO Database initialization complete
2025-08-19 13:14:04,316 INFO Initializing database...
2025-08-19 13:14:04,366 INFO Database tables created successfully
2025-08-19 13:14:04,413 INFO Default data inserted successfully
2025-08-19 13:14:04,413 INFO Database initialization complete
2025-08-19 13:23:34,105 INFO Initializing database...
2025-08-19 13:23:34,143 INFO Database tables created successfully
2025-08-19 13:23:34,185 INFO Default data inserted successfully
2025-08-19 13:23:34,185 INFO Database initialization complete
2025-08-19 13:26:49,340 ERROR Error in ocr_preview: 'dict' object has no attribute 'predict'
2025-08-19 13:26:49,553 ERROR Error in ocr_preview: 'dict' object has no attribute 'predict'
2025-08-19 13:26:49,601 ERROR Error in ocr_preview: 'dict' object has no attribute 'predict'
2025-08-19 13:36:26,228 INFO Initializing database...
2025-08-19 13:36:26,275 INFO Database tables created successfully
2025-08-19 13:36:26,464 INFO Default data inserted successfully
2025-08-19 13:36:26,464 INFO Database initialization complete
2025-08-19 13:36:26,640 DEBUG https://huggingface.co:443 "GET /api/models/PaddlePaddle/PP-OCRv5_server_det/revision/main HTTP/1.1" 200 988
2025-08-19 13:36:26,645 DEBUG Attempting to acquire lock 2717533626704 on C:\Users\wadii\.paddlex\official_models\PP-OCRv5_server_det\.cache\huggingface\download\.gitattributes.lock
2025-08-19 13:36:26,647 DEBUG Lock 2717533626704 acquired on C:\Users\wadii\.paddlex\official_models\PP-OCRv5_server_det\.cache\huggingface\download\.gitattributes.lock
2025-08-19 13:36:26,648 DEBUG Attempting to acquire lock 2717533631248 on C:\Users\wadii\.paddlex\official_models\PP-OCRv5_server_det\.cache\huggingface\download\README.md.lock
2025-08-19 13:36:26,648 DEBUG Attempting to acquire lock 2717533632016 on C:\Users\wadii\.paddlex\official_models\PP-OCRv5_server_det\.cache\huggingface\download\config.json.lock
2025-08-19 13:36:26,649 DEBUG Attempting to release lock 2717533626704 on C:\Users\wadii\.paddlex\official_models\PP-OCRv5_server_det\.cache\huggingface\download\.gitattributes.lock
2025-08-19 13:36:26,649 DEBUG Lock 2717533631248 acquired on C:\Users\wadii\.paddlex\official_models\PP-OCRv5_server_det\.cache\huggingface\download\README.md.lock
2025-08-19 13:36:26,650 DEBUG Lock 2717533626704 released on C:\Users\wadii\.paddlex\official_models\PP-OCRv5_server_det\.cache\huggingface\download\.gitattributes.lock
2025-08-19 13:36:26,650 DEBUG Lock 2717533632016 acquired on C:\Users\wadii\.paddlex\official_models\PP-OCRv5_server_det\.cache\huggingface\download\config.json.lock
2025-08-19 13:36:26,651 DEBUG Attempting to acquire lock 2717533630352 on C:\Users\wadii\.paddlex\official_models\PP-OCRv5_server_det\.cache\huggingface\download\inference.json.lock
2025-08-19 13:36:26,651 DEBUG Attempting to release lock 2717533631248 on C:\Users\wadii\.paddlex\official_models\PP-OCRv5_server_det\.cache\huggingface\download\README.md.lock
2025-08-19 13:36:26,652 DEBUG Attempting to release lock 2717533632016 on C:\Users\wadii\.paddlex\official_models\PP-OCRv5_server_det\.cache\huggingface\download\config.json.lock
2025-08-19 13:36:26,652 DEBUG Lock 2717533630352 acquired on C:\Users\wadii\.paddlex\official_models\PP-OCRv5_server_det\.cache\huggingface\download\inference.json.lock
2025-08-19 13:36:26,652 DEBUG Attempting to acquire lock 2717533702352 on C:\Users\wadii\.paddlex\official_models\PP-OCRv5_server_det\.cache\huggingface\download\inference.pdiparams.lock
2025-08-19 13:36:26,652 DEBUG Lock 2717533632016 released on C:\Users\wadii\.paddlex\official_models\PP-OCRv5_server_det\.cache\huggingface\download\config.json.lock
2025-08-19 13:36:26,652 DEBUG Lock 2717533631248 released on C:\Users\wadii\.paddlex\official_models\PP-OCRv5_server_det\.cache\huggingface\download\README.md.lock
2025-08-19 13:36:26,653 DEBUG Attempting to acquire lock 2717533702224 on C:\Users\wadii\.paddlex\official_models\PP-OCRv5_server_det\.cache\huggingface\download\inference.yml.lock
2025-08-19 13:36:26,653 DEBUG Attempting to release lock 2717533630352 on C:\Users\wadii\.paddlex\official_models\PP-OCRv5_server_det\.cache\huggingface\download\inference.json.lock
2025-08-19 13:36:26,654 DEBUG Lock 2717533702352 acquired on C:\Users\wadii\.paddlex\official_models\PP-OCRv5_server_det\.cache\huggingface\download\inference.pdiparams.lock
2025-08-19 13:36:26,654 DEBUG Lock 2717533630352 released on C:\Users\wadii\.paddlex\official_models\PP-OCRv5_server_det\.cache\huggingface\download\inference.json.lock
2025-08-19 13:36:26,654 DEBUG Lock 2717533702224 acquired on C:\Users\wadii\.paddlex\official_models\PP-OCRv5_server_det\.cache\huggingface\download\inference.yml.lock
2025-08-19 13:36:26,654 DEBUG Attempting to release lock 2717533702352 on C:\Users\wadii\.paddlex\official_models\PP-OCRv5_server_det\.cache\huggingface\download\inference.pdiparams.lock
2025-08-19 13:36:26,654 DEBUG Attempting to release lock 2717533702224 on C:\Users\wadii\.paddlex\official_models\PP-OCRv5_server_det\.cache\huggingface\download\inference.yml.lock
2025-08-19 13:36:26,654 DEBUG Lock 2717533702352 released on C:\Users\wadii\.paddlex\official_models\PP-OCRv5_server_det\.cache\huggingface\download\inference.pdiparams.lock
2025-08-19 13:36:26,655 DEBUG Lock 2717533702224 released on C:\Users\wadii\.paddlex\official_models\PP-OCRv5_server_det\.cache\huggingface\download\inference.yml.lock
2025-08-19 13:36:30,541 DEBUG https://huggingface.co:443 "GET /api/models/PaddlePaddle/latin_PP-OCRv5_mobile_rec/revision/main HTTP/1.1" 200 983
2025-08-19 13:36:30,546 DEBUG Attempting to acquire lock 2717533623952 on C:\Users\wadii\.paddlex\official_models\latin_PP-OCRv5_mobile_rec\.cache\huggingface\download\.gitattributes.lock
2025-08-19 13:36:30,548 DEBUG Lock 2717533623952 acquired on C:\Users\wadii\.paddlex\official_models\latin_PP-OCRv5_mobile_rec\.cache\huggingface\download\.gitattributes.lock
2025-08-19 13:36:30,548 DEBUG Attempting to acquire lock 2717533617360 on C:\Users\wadii\.paddlex\official_models\latin_PP-OCRv5_mobile_rec\.cache\huggingface\download\README.md.lock
2025-08-19 13:36:30,549 DEBUG Attempting to release lock 2717533623952 on C:\Users\wadii\.paddlex\official_models\latin_PP-OCRv5_mobile_rec\.cache\huggingface\download\.gitattributes.lock
2025-08-19 13:36:30,549 DEBUG Attempting to acquire lock 2717533700624 on C:\Users\wadii\.paddlex\official_models\latin_PP-OCRv5_mobile_rec\.cache\huggingface\download\config.json.lock
2025-08-19 13:36:30,550 DEBUG Lock 2717533617360 acquired on C:\Users\wadii\.paddlex\official_models\latin_PP-OCRv5_mobile_rec\.cache\huggingface\download\README.md.lock
2025-08-19 13:36:30,551 DEBUG Lock 2717533623952 released on C:\Users\wadii\.paddlex\official_models\latin_PP-OCRv5_mobile_rec\.cache\huggingface\download\.gitattributes.lock
2025-08-19 13:36:30,551 DEBUG Attempting to acquire lock 2717533705232 on C:\Users\wadii\.paddlex\official_models\latin_PP-OCRv5_mobile_rec\.cache\huggingface\download\inference.json.lock
2025-08-19 13:36:30,552 DEBUG Lock 2717533700624 acquired on C:\Users\wadii\.paddlex\official_models\latin_PP-OCRv5_mobile_rec\.cache\huggingface\download\config.json.lock
2025-08-19 13:36:30,552 DEBUG Attempting to release lock 2717533617360 on C:\Users\wadii\.paddlex\official_models\latin_PP-OCRv5_mobile_rec\.cache\huggingface\download\README.md.lock
2025-08-19 13:36:30,553 DEBUG Attempting to acquire lock 2717533706128 on C:\Users\wadii\.paddlex\official_models\latin_PP-OCRv5_mobile_rec\.cache\huggingface\download\inference.pdiparams.lock
2025-08-19 13:36:30,553 DEBUG Lock 2717533617360 released on C:\Users\wadii\.paddlex\official_models\latin_PP-OCRv5_mobile_rec\.cache\huggingface\download\README.md.lock
2025-08-19 13:36:30,553 DEBUG Attempting to acquire lock 2717533705872 on C:\Users\wadii\.paddlex\official_models\latin_PP-OCRv5_mobile_rec\.cache\huggingface\download\inference.yml.lock
2025-08-19 13:36:30,553 DEBUG Lock 2717533705232 acquired on C:\Users\wadii\.paddlex\official_models\latin_PP-OCRv5_mobile_rec\.cache\huggingface\download\inference.json.lock
2025-08-19 13:36:30,553 DEBUG Attempting to release lock 2717533700624 on C:\Users\wadii\.paddlex\official_models\latin_PP-OCRv5_mobile_rec\.cache\huggingface\download\config.json.lock
2025-08-19 13:36:30,554 DEBUG Lock 2717533706128 acquired on C:\Users\wadii\.paddlex\official_models\latin_PP-OCRv5_mobile_rec\.cache\huggingface\download\inference.pdiparams.lock
2025-08-19 13:36:30,554 DEBUG Lock 2717533700624 released on C:\Users\wadii\.paddlex\official_models\latin_PP-OCRv5_mobile_rec\.cache\huggingface\download\config.json.lock
2025-08-19 13:36:30,555 DEBUG Attempting to release lock 2717533705232 on C:\Users\wadii\.paddlex\official_models\latin_PP-OCRv5_mobile_rec\.cache\huggingface\download\inference.json.lock
2025-08-19 13:36:30,555 DEBUG Lock 2717533705872 acquired on C:\Users\wadii\.paddlex\official_models\latin_PP-OCRv5_mobile_rec\.cache\huggingface\download\inference.yml.lock
2025-08-19 13:36:30,555 DEBUG Attempting to release lock 2717533706128 on C:\Users\wadii\.paddlex\official_models\latin_PP-OCRv5_mobile_rec\.cache\huggingface\download\inference.pdiparams.lock
2025-08-19 13:36:30,555 DEBUG Lock 2717533705232 released on C:\Users\wadii\.paddlex\official_models\latin_PP-OCRv5_mobile_rec\.cache\huggingface\download\inference.json.lock
2025-08-19 13:36:30,555 DEBUG Attempting to release lock 2717533705872 on C:\Users\wadii\.paddlex\official_models\latin_PP-OCRv5_mobile_rec\.cache\huggingface\download\inference.yml.lock
2025-08-19 13:36:30,556 DEBUG Lock 2717533706128 released on C:\Users\wadii\.paddlex\official_models\latin_PP-OCRv5_mobile_rec\.cache\huggingface\download\inference.pdiparams.lock
2025-08-19 13:36:30,556 DEBUG Lock 2717533705872 released on C:\Users\wadii\.paddlex\official_models\latin_PP-OCRv5_mobile_rec\.cache\huggingface\download\inference.yml.lock
2025-08-19 13:36:56,580 DEBUG Calling on_part_begin with no data
2025-08-19 13:36:56,580 DEBUG Calling on_header_field with data[42:61]
2025-08-19 13:36:56,580 DEBUG Calling on_header_value with data[63:113]
2025-08-19 13:36:56,581 DEBUG Calling on_header_end with no data
2025-08-19 13:36:56,581 DEBUG Calling on_header_field with data[115:127]
2025-08-19 13:36:56,581 DEBUG Calling on_header_value with data[129:144]
2025-08-19 13:36:56,581 DEBUG Calling on_header_end with no data
2025-08-19 13:36:56,581 DEBUG Calling on_headers_finished with no data
2025-08-19 13:36:56,582 DEBUG Calling on_part_data with data[148:26274]
2025-08-19 13:36:56,582 DEBUG Calling on_part_end with no data
2025-08-19 13:36:56,582 DEBUG Calling on_end with no data
2025-08-19 13:36:56,680 DEBUG STREAM b'IHDR' 16 13
2025-08-19 13:36:56,680 DEBUG STREAM b'pHYs' 41 9
2025-08-19 13:36:56,680 DEBUG STREAM b'IDAT' 62 114129
2025-08-19 13:36:56,784 DEBUG Calling on_part_begin with no data
2025-08-19 13:36:56,785 DEBUG Calling on_header_field with data[42:61]
2025-08-19 13:36:56,785 DEBUG Calling on_header_value with data[63:106]
2025-08-19 13:36:56,785 DEBUG Calling on_header_end with no data
2025-08-19 13:36:56,785 DEBUG Calling on_header_field with data[108:120]
2025-08-19 13:36:56,785 DEBUG Calling on_header_value with data[122:137]
2025-08-19 13:36:56,785 DEBUG Calling on_header_end with no data
2025-08-19 13:36:56,785 DEBUG Calling on_headers_finished with no data
2025-08-19 13:36:56,785 DEBUG Calling on_part_data with data[141:26267]
2025-08-19 13:36:56,786 DEBUG Calling on_part_end with no data
2025-08-19 13:36:56,786 DEBUG Calling on_end with no data
2025-08-19 13:36:56,865 DEBUG STREAM b'IHDR' 16 13
2025-08-19 13:36:56,865 DEBUG STREAM b'pHYs' 41 9
2025-08-19 13:36:56,865 DEBUG STREAM b'IDAT' 62 114129
2025-08-19 13:36:57,960 DEBUG Calling on_part_begin with no data
2025-08-19 13:36:57,960 DEBUG Calling on_header_field with data[42:61]
2025-08-19 13:36:57,961 DEBUG Calling on_header_value with data[63:108]
2025-08-19 13:36:57,961 DEBUG Calling on_header_end with no data
2025-08-19 13:36:57,961 DEBUG Calling on_header_field with data[110:122]
2025-08-19 13:36:57,962 DEBUG Calling on_header_value with data[124:133]
2025-08-19 13:36:57,962 DEBUG Calling on_header_end with no data
2025-08-19 13:36:57,962 DEBUG Calling on_headers_finished with no data
2025-08-19 13:36:57,962 DEBUG Calling on_part_data with data[137:128538]
2025-08-19 13:36:57,963 DEBUG Calling on_part_end with no data
2025-08-19 13:36:57,963 DEBUG Calling on_part_begin with no data
2025-08-19 13:36:57,963 DEBUG Calling on_header_field with data[128582:128601]
2025-08-19 13:36:57,963 DEBUG Calling on_header_value with data[128603:128632]
2025-08-19 13:36:57,963 DEBUG Calling on_header_end with no data
2025-08-19 13:36:57,964 DEBUG Calling on_headers_finished with no data
2025-08-19 13:36:57,964 DEBUG Calling on_part_data with data[128636:128637]
2025-08-19 13:36:57,964 DEBUG Calling on_part_end with no data
2025-08-19 13:36:57,964 DEBUG Calling on_end with no data
2025-08-19 13:36:57,965 DEBUG STREAM b'IHDR' 16 13
2025-08-19 13:36:57,965 DEBUG STREAM b'IDAT' 41 65536
2025-08-19 13:37:02,271 DEBUG Calling on_part_begin with no data
2025-08-19 13:37:02,272 DEBUG Calling on_header_field with data[42:61]
2025-08-19 13:37:02,272 DEBUG Calling on_header_value with data[63:108]
2025-08-19 13:37:02,272 DEBUG Calling on_header_end with no data
2025-08-19 13:37:02,272 DEBUG Calling on_header_field with data[110:122]
2025-08-19 13:37:02,272 DEBUG Calling on_header_value with data[124:133]
2025-08-19 13:37:02,272 DEBUG Calling on_header_end with no data
2025-08-19 13:37:02,272 DEBUG Calling on_headers_finished with no data
2025-08-19 13:37:02,272 DEBUG Calling on_part_data with data[137:128538]
2025-08-19 13:37:02,272 DEBUG Calling on_part_end with no data
2025-08-19 13:37:02,273 DEBUG Calling on_part_begin with no data
2025-08-19 13:37:02,273 DEBUG Calling on_header_field with data[128582:128601]
2025-08-19 13:37:02,273 DEBUG Calling on_header_value with data[128603:128632]
2025-08-19 13:37:02,273 DEBUG Calling on_header_end with no data
2025-08-19 13:37:02,273 DEBUG Calling on_headers_finished with no data
2025-08-19 13:37:02,273 DEBUG Calling on_part_data with data[128636:128637]
2025-08-19 13:37:02,273 DEBUG Calling on_part_end with no data
2025-08-19 13:37:02,273 DEBUG Calling on_end with no data
2025-08-19 13:37:02,274 DEBUG STREAM b'IHDR' 16 13
2025-08-19 13:37:02,274 DEBUG STREAM b'IDAT' 41 65536
2025-08-19 13:38:37,446 INFO Initializing database...
2025-08-19 13:38:37,484 INFO Database tables created successfully
2025-08-19 13:38:37,677 INFO Default data inserted successfully
2025-08-19 13:38:37,677 INFO Database initialization complete
2025-08-19 13:38:37,861 DEBUG https://huggingface.co:443 "GET /api/models/PaddlePaddle/PP-OCRv5_server_det/revision/main HTTP/1.1" 200 988
2025-08-19 13:38:37,866 DEBUG Attempting to acquire lock 1682400240656 on C:\Users\wadii\.paddlex\official_models\PP-OCRv5_server_det\.cache\huggingface\download\.gitattributes.lock
2025-08-19 13:38:37,867 DEBUG Lock 1682400240656 acquired on C:\Users\wadii\.paddlex\official_models\PP-OCRv5_server_det\.cache\huggingface\download\.gitattributes.lock
2025-08-19 13:38:37,868 DEBUG Attempting to acquire lock 1682400243920 on C:\Users\wadii\.paddlex\official_models\PP-OCRv5_server_det\.cache\huggingface\download\README.md.lock
2025-08-19 13:38:37,869 DEBUG Attempting to release lock 1682400240656 on C:\Users\wadii\.paddlex\official_models\PP-OCRv5_server_det\.cache\huggingface\download\.gitattributes.lock
2025-08-19 13:38:37,870 DEBUG Attempting to acquire lock 1682400247440 on C:\Users\wadii\.paddlex\official_models\PP-OCRv5_server_det\.cache\huggingface\download\config.json.lock
2025-08-19 13:38:37,870 DEBUG Lock 1682400243920 acquired on C:\Users\wadii\.paddlex\official_models\PP-OCRv5_server_det\.cache\huggingface\download\README.md.lock
2025-08-19 13:38:37,870 DEBUG Lock 1682400240656 released on C:\Users\wadii\.paddlex\official_models\PP-OCRv5_server_det\.cache\huggingface\download\.gitattributes.lock
2025-08-19 13:38:37,872 DEBUG Attempting to acquire lock 1682400244240 on C:\Users\wadii\.paddlex\official_models\PP-OCRv5_server_det\.cache\huggingface\download\inference.json.lock
2025-08-19 13:38:37,872 DEBUG Lock 1682400247440 acquired on C:\Users\wadii\.paddlex\official_models\PP-OCRv5_server_det\.cache\huggingface\download\config.json.lock
2025-08-19 13:38:37,872 DEBUG Attempting to release lock 1682400243920 on C:\Users\wadii\.paddlex\official_models\PP-OCRv5_server_det\.cache\huggingface\download\README.md.lock
2025-08-19 13:38:37,873 DEBUG Attempting to acquire lock 1682400330960 on C:\Users\wadii\.paddlex\official_models\PP-OCRv5_server_det\.cache\huggingface\download\inference.pdiparams.lock
2025-08-19 13:38:37,873 DEBUG Attempting to release lock 1682400247440 on C:\Users\wadii\.paddlex\official_models\PP-OCRv5_server_det\.cache\huggingface\download\config.json.lock
2025-08-19 13:38:37,873 DEBUG Lock 1682400243920 released on C:\Users\wadii\.paddlex\official_models\PP-OCRv5_server_det\.cache\huggingface\download\README.md.lock
2025-08-19 13:38:37,873 DEBUG Lock 1682400244240 acquired on C:\Users\wadii\.paddlex\official_models\PP-OCRv5_server_det\.cache\huggingface\download\inference.json.lock
2025-08-19 13:38:37,874 DEBUG Attempting to acquire lock 1682400242640 on C:\Users\wadii\.paddlex\official_models\PP-OCRv5_server_det\.cache\huggingface\download\inference.yml.lock
2025-08-19 13:38:37,874 DEBUG Lock 1682400247440 released on C:\Users\wadii\.paddlex\official_models\PP-OCRv5_server_det\.cache\huggingface\download\config.json.lock
2025-08-19 13:38:37,875 DEBUG Lock 1682400330960 acquired on C:\Users\wadii\.paddlex\official_models\PP-OCRv5_server_det\.cache\huggingface\download\inference.pdiparams.lock
2025-08-19 13:38:37,875 DEBUG Attempting to release lock 1682400244240 on C:\Users\wadii\.paddlex\official_models\PP-OCRv5_server_det\.cache\huggingface\download\inference.json.lock
2025-08-19 13:38:37,875 DEBUG Attempting to release lock 1682400330960 on C:\Users\wadii\.paddlex\official_models\PP-OCRv5_server_det\.cache\huggingface\download\inference.pdiparams.lock
2025-08-19 13:38:37,875 DEBUG Lock 1682400244240 released on C:\Users\wadii\.paddlex\official_models\PP-OCRv5_server_det\.cache\huggingface\download\inference.json.lock
2025-08-19 13:38:37,876 DEBUG Lock 1682400242640 acquired on C:\Users\wadii\.paddlex\official_models\PP-OCRv5_server_det\.cache\huggingface\download\inference.yml.lock
2025-08-19 13:38:37,876 DEBUG Lock 1682400330960 released on C:\Users\wadii\.paddlex\official_models\PP-OCRv5_server_det\.cache\huggingface\download\inference.pdiparams.lock
2025-08-19 13:38:37,876 DEBUG Attempting to release lock 1682400242640 on C:\Users\wadii\.paddlex\official_models\PP-OCRv5_server_det\.cache\huggingface\download\inference.yml.lock
2025-08-19 13:38:37,877 DEBUG Lock 1682400242640 released on C:\Users\wadii\.paddlex\official_models\PP-OCRv5_server_det\.cache\huggingface\download\inference.yml.lock
2025-08-19 13:38:41,580 DEBUG https://huggingface.co:443 "GET /api/models/PaddlePaddle/latin_PP-OCRv5_mobile_rec/revision/main HTTP/1.1" 200 983
2025-08-19 13:38:41,584 DEBUG Attempting to acquire lock 1682400240592 on C:\Users\wadii\.paddlex\official_models\latin_PP-OCRv5_mobile_rec\.cache\huggingface\download\.gitattributes.lock
2025-08-19 13:38:41,586 DEBUG Attempting to acquire lock 1682400246800 on C:\Users\wadii\.paddlex\official_models\latin_PP-OCRv5_mobile_rec\.cache\huggingface\download\README.md.lock
2025-08-19 13:38:41,586 DEBUG Lock 1682400240592 acquired on C:\Users\wadii\.paddlex\official_models\latin_PP-OCRv5_mobile_rec\.cache\huggingface\download\.gitattributes.lock
2025-08-19 13:38:41,588 DEBUG Attempting to acquire lock 1682400332816 on C:\Users\wadii\.paddlex\official_models\latin_PP-OCRv5_mobile_rec\.cache\huggingface\download\config.json.lock
2025-08-19 13:38:41,588 DEBUG Lock 1682400246800 acquired on C:\Users\wadii\.paddlex\official_models\latin_PP-OCRv5_mobile_rec\.cache\huggingface\download\README.md.lock
2025-08-19 13:38:41,589 DEBUG Attempting to release lock 1682400240592 on C:\Users\wadii\.paddlex\official_models\latin_PP-OCRv5_mobile_rec\.cache\huggingface\download\.gitattributes.lock
2025-08-19 13:38:41,590 DEBUG Attempting to release lock 1682400246800 on C:\Users\wadii\.paddlex\official_models\latin_PP-OCRv5_mobile_rec\.cache\huggingface\download\README.md.lock
2025-08-19 13:38:41,591 DEBUG Lock 1682400332816 acquired on C:\Users\wadii\.paddlex\official_models\latin_PP-OCRv5_mobile_rec\.cache\huggingface\download\config.json.lock
2025-08-19 13:38:41,591 DEBUG Attempting to acquire lock 1682400336208 on C:\Users\wadii\.paddlex\official_models\latin_PP-OCRv5_mobile_rec\.cache\huggingface\download\inference.json.lock
2025-08-19 13:38:41,592 DEBUG Attempting to acquire lock 1682400337360 on C:\Users\wadii\.paddlex\official_models\latin_PP-OCRv5_mobile_rec\.cache\huggingface\download\inference.pdiparams.lock
2025-08-19 13:38:41,592 DEBUG Lock 1682400240592 released on C:\Users\wadii\.paddlex\official_models\latin_PP-OCRv5_mobile_rec\.cache\huggingface\download\.gitattributes.lock
2025-08-19 13:38:41,592 DEBUG Lock 1682400246800 released on C:\Users\wadii\.paddlex\official_models\latin_PP-OCRv5_mobile_rec\.cache\huggingface\download\README.md.lock
2025-08-19 13:38:41,593 DEBUG Attempting to release lock 1682400332816 on C:\Users\wadii\.paddlex\official_models\latin_PP-OCRv5_mobile_rec\.cache\huggingface\download\config.json.lock
2025-08-19 13:38:41,593 DEBUG Lock 1682400336208 acquired on C:\Users\wadii\.paddlex\official_models\latin_PP-OCRv5_mobile_rec\.cache\huggingface\download\inference.json.lock
2025-08-19 13:38:41,593 DEBUG Attempting to acquire lock 1682400237008 on C:\Users\wadii\.paddlex\official_models\latin_PP-OCRv5_mobile_rec\.cache\huggingface\download\inference.yml.lock
2025-08-19 13:38:41,593 DEBUG Lock 1682400337360 acquired on C:\Users\wadii\.paddlex\official_models\latin_PP-OCRv5_mobile_rec\.cache\huggingface\download\inference.pdiparams.lock
2025-08-19 13:38:41,594 DEBUG Lock 1682400332816 released on C:\Users\wadii\.paddlex\official_models\latin_PP-OCRv5_mobile_rec\.cache\huggingface\download\config.json.lock
2025-08-19 13:38:41,594 DEBUG Attempting to release lock 1682400336208 on C:\Users\wadii\.paddlex\official_models\latin_PP-OCRv5_mobile_rec\.cache\huggingface\download\inference.json.lock
2025-08-19 13:38:41,594 DEBUG Attempting to release lock 1682400337360 on C:\Users\wadii\.paddlex\official_models\latin_PP-OCRv5_mobile_rec\.cache\huggingface\download\inference.pdiparams.lock
2025-08-19 13:38:41,594 DEBUG Lock 1682400237008 acquired on C:\Users\wadii\.paddlex\official_models\latin_PP-OCRv5_mobile_rec\.cache\huggingface\download\inference.yml.lock
2025-08-19 13:38:41,594 DEBUG Lock 1682400336208 released on C:\Users\wadii\.paddlex\official_models\latin_PP-OCRv5_mobile_rec\.cache\huggingface\download\inference.json.lock
2025-08-19 13:38:41,595 DEBUG Lock 1682400337360 released on C:\Users\wadii\.paddlex\official_models\latin_PP-OCRv5_mobile_rec\.cache\huggingface\download\inference.pdiparams.lock
2025-08-19 13:38:41,595 DEBUG Attempting to release lock 1682400237008 on C:\Users\wadii\.paddlex\official_models\latin_PP-OCRv5_mobile_rec\.cache\huggingface\download\inference.yml.lock
2025-08-19 13:38:41,595 DEBUG Lock 1682400237008 released on C:\Users\wadii\.paddlex\official_models\latin_PP-OCRv5_mobile_rec\.cache\huggingface\download\inference.yml.lock
2025-08-19 13:39:17,867 INFO Initializing database...
2025-08-19 13:39:17,906 INFO Database tables created successfully
2025-08-19 13:39:18,089 INFO Default data inserted successfully
2025-08-19 13:39:18,089 INFO Database initialization complete
2025-08-19 13:39:18,277 DEBUG https://huggingface.co:443 "GET /api/models/PaddlePaddle/PP-OCRv5_server_det/revision/main HTTP/1.1" 200 988
2025-08-19 13:39:18,282 DEBUG Attempting to acquire lock 2375452085840 on C:\Users\wadii\.paddlex\official_models\PP-OCRv5_server_det\.cache\huggingface\download\.gitattributes.lock
2025-08-19 13:39:18,284 DEBUG Attempting to acquire lock 2375452094992 on C:\Users\wadii\.paddlex\official_models\PP-OCRv5_server_det\.cache\huggingface\download\README.md.lock
2025-08-19 13:39:18,284 DEBUG Lock 2375452085840 acquired on C:\Users\wadii\.paddlex\official_models\PP-OCRv5_server_det\.cache\huggingface\download\.gitattributes.lock
2025-08-19 13:39:18,285 DEBUG Lock 2375452094992 acquired on C:\Users\wadii\.paddlex\official_models\PP-OCRv5_server_det\.cache\huggingface\download\README.md.lock
2025-08-19 13:39:18,286 DEBUG Attempting to acquire lock 2375452098384 on C:\Users\wadii\.paddlex\official_models\PP-OCRv5_server_det\.cache\huggingface\download\config.json.lock
2025-08-19 13:39:18,286 DEBUG Attempting to release lock 2375452085840 on C:\Users\wadii\.paddlex\official_models\PP-OCRv5_server_det\.cache\huggingface\download\.gitattributes.lock
2025-08-19 13:39:18,288 DEBUG Lock 2375452085840 released on C:\Users\wadii\.paddlex\official_models\PP-OCRv5_server_det\.cache\huggingface\download\.gitattributes.lock
2025-08-19 13:39:18,288 DEBUG Attempting to acquire lock 2375452089808 on C:\Users\wadii\.paddlex\official_models\PP-OCRv5_server_det\.cache\huggingface\download\inference.json.lock
2025-08-19 13:39:18,290 DEBUG Lock 2375452098384 acquired on C:\Users\wadii\.paddlex\official_models\PP-OCRv5_server_det\.cache\huggingface\download\config.json.lock
2025-08-19 13:39:18,290 DEBUG Attempting to release lock 2375452094992 on C:\Users\wadii\.paddlex\official_models\PP-OCRv5_server_det\.cache\huggingface\download\README.md.lock
2025-08-19 13:39:18,291 DEBUG Attempting to acquire lock 2375452165648 on C:\Users\wadii\.paddlex\official_models\PP-OCRv5_server_det\.cache\huggingface\download\inference.pdiparams.lock
2025-08-19 13:39:18,291 DEBUG Lock 2375452094992 released on C:\Users\wadii\.paddlex\official_models\PP-OCRv5_server_det\.cache\huggingface\download\README.md.lock
2025-08-19 13:39:18,291 DEBUG Lock 2375452089808 acquired on C:\Users\wadii\.paddlex\official_models\PP-OCRv5_server_det\.cache\huggingface\download\inference.json.lock
2025-08-19 13:39:18,291 DEBUG Attempting to release lock 2375452098384 on C:\Users\wadii\.paddlex\official_models\PP-OCRv5_server_det\.cache\huggingface\download\config.json.lock
2025-08-19 13:39:18,291 DEBUG Attempting to acquire lock 2375452166032 on C:\Users\wadii\.paddlex\official_models\PP-OCRv5_server_det\.cache\huggingface\download\inference.yml.lock
2025-08-19 13:39:18,292 DEBUG Lock 2375452165648 acquired on C:\Users\wadii\.paddlex\official_models\PP-OCRv5_server_det\.cache\huggingface\download\inference.pdiparams.lock
2025-08-19 13:39:18,292 DEBUG Attempting to release lock 2375452089808 on C:\Users\wadii\.paddlex\official_models\PP-OCRv5_server_det\.cache\huggingface\download\inference.json.lock
2025-08-19 13:39:18,292 DEBUG Lock 2375452098384 released on C:\Users\wadii\.paddlex\official_models\PP-OCRv5_server_det\.cache\huggingface\download\config.json.lock
2025-08-19 13:39:18,292 DEBUG Lock 2375452166032 acquired on C:\Users\wadii\.paddlex\official_models\PP-OCRv5_server_det\.cache\huggingface\download\inference.yml.lock
2025-08-19 13:39:18,292 DEBUG Lock 2375452089808 released on C:\Users\wadii\.paddlex\official_models\PP-OCRv5_server_det\.cache\huggingface\download\inference.json.lock
2025-08-19 13:39:18,292 DEBUG Attempting to release lock 2375452165648 on C:\Users\wadii\.paddlex\official_models\PP-OCRv5_server_det\.cache\huggingface\download\inference.pdiparams.lock
2025-08-19 13:39:18,293 DEBUG Attempting to release lock 2375452166032 on C:\Users\wadii\.paddlex\official_models\PP-OCRv5_server_det\.cache\huggingface\download\inference.yml.lock
2025-08-19 13:39:18,293 DEBUG Lock 2375452165648 released on C:\Users\wadii\.paddlex\official_models\PP-OCRv5_server_det\.cache\huggingface\download\inference.pdiparams.lock
2025-08-19 13:39:18,293 DEBUG Lock 2375452166032 released on C:\Users\wadii\.paddlex\official_models\PP-OCRv5_server_det\.cache\huggingface\download\inference.yml.lock
2025-08-19 13:39:21,962 DEBUG https://huggingface.co:443 "GET /api/models/PaddlePaddle/latin_PP-OCRv5_mobile_rec/revision/main HTTP/1.1" 200 983
2025-08-19 13:39:21,967 DEBUG Attempting to acquire lock 2375452096912 on C:\Users\wadii\.paddlex\official_models\latin_PP-OCRv5_mobile_rec\.cache\huggingface\download\.gitattributes.lock
2025-08-19 13:39:21,969 DEBUG Lock 2375452096912 acquired on C:\Users\wadii\.paddlex\official_models\latin_PP-OCRv5_mobile_rec\.cache\huggingface\download\.gitattributes.lock
2025-08-19 13:39:21,969 DEBUG Attempting to acquire lock 2375452098384 on C:\Users\wadii\.paddlex\official_models\latin_PP-OCRv5_mobile_rec\.cache\huggingface\download\README.md.lock
2025-08-19 13:39:21,971 DEBUG Attempting to release lock 2375452096912 on C:\Users\wadii\.paddlex\official_models\latin_PP-OCRv5_mobile_rec\.cache\huggingface\download\.gitattributes.lock
2025-08-19 13:39:21,971 DEBUG Lock 2375452098384 acquired on C:\Users\wadii\.paddlex\official_models\latin_PP-OCRv5_mobile_rec\.cache\huggingface\download\README.md.lock
2025-08-19 13:39:21,971 DEBUG Attempting to acquire lock 2375452167824 on C:\Users\wadii\.paddlex\official_models\latin_PP-OCRv5_mobile_rec\.cache\huggingface\download\config.json.lock
2025-08-19 13:39:21,972 DEBUG Lock 2375452096912 released on C:\Users\wadii\.paddlex\official_models\latin_PP-OCRv5_mobile_rec\.cache\huggingface\download\.gitattributes.lock
2025-08-19 13:39:21,973 DEBUG Attempting to release lock 2375452098384 on C:\Users\wadii\.paddlex\official_models\latin_PP-OCRv5_mobile_rec\.cache\huggingface\download\README.md.lock
2025-08-19 13:39:21,974 DEBUG Attempting to acquire lock 2375452089744 on C:\Users\wadii\.paddlex\official_models\latin_PP-OCRv5_mobile_rec\.cache\huggingface\download\inference.json.lock
2025-08-19 13:39:21,974 DEBUG Lock 2375452167824 acquired on C:\Users\wadii\.paddlex\official_models\latin_PP-OCRv5_mobile_rec\.cache\huggingface\download\config.json.lock
2025-08-19 13:39:21,974 DEBUG Lock 2375452098384 released on C:\Users\wadii\.paddlex\official_models\latin_PP-OCRv5_mobile_rec\.cache\huggingface\download\README.md.lock
2025-08-19 13:39:21,975 DEBUG Attempting to acquire lock 2375452094096 on C:\Users\wadii\.paddlex\official_models\latin_PP-OCRv5_mobile_rec\.cache\huggingface\download\inference.pdiparams.lock
2025-08-19 13:39:21,975 DEBUG Lock 2375452089744 acquired on C:\Users\wadii\.paddlex\official_models\latin_PP-OCRv5_mobile_rec\.cache\huggingface\download\inference.json.lock
2025-08-19 13:39:21,975 DEBUG Attempting to release lock 2375452167824 on C:\Users\wadii\.paddlex\official_models\latin_PP-OCRv5_mobile_rec\.cache\huggingface\download\config.json.lock
2025-08-19 13:39:21,975 DEBUG Lock 2375452094096 acquired on C:\Users\wadii\.paddlex\official_models\latin_PP-OCRv5_mobile_rec\.cache\huggingface\download\inference.pdiparams.lock
2025-08-19 13:39:21,976 DEBUG Attempting to acquire lock 2375452168784 on C:\Users\wadii\.paddlex\official_models\latin_PP-OCRv5_mobile_rec\.cache\huggingface\download\inference.yml.lock
2025-08-19 13:39:21,976 DEBUG Attempting to release lock 2375452089744 on C:\Users\wadii\.paddlex\official_models\latin_PP-OCRv5_mobile_rec\.cache\huggingface\download\inference.json.lock
2025-08-19 13:39:21,976 DEBUG Lock 2375452167824 released on C:\Users\wadii\.paddlex\official_models\latin_PP-OCRv5_mobile_rec\.cache\huggingface\download\config.json.lock
2025-08-19 13:39:21,976 DEBUG Attempting to release lock 2375452094096 on C:\Users\wadii\.paddlex\official_models\latin_PP-OCRv5_mobile_rec\.cache\huggingface\download\inference.pdiparams.lock
2025-08-19 13:39:21,977 DEBUG Lock 2375452089744 released on C:\Users\wadii\.paddlex\official_models\latin_PP-OCRv5_mobile_rec\.cache\huggingface\download\inference.json.lock
2025-08-19 13:39:21,977 DEBUG Lock 2375452168784 acquired on C:\Users\wadii\.paddlex\official_models\latin_PP-OCRv5_mobile_rec\.cache\huggingface\download\inference.yml.lock
2025-08-19 13:39:21,977 DEBUG Lock 2375452094096 released on C:\Users\wadii\.paddlex\official_models\latin_PP-OCRv5_mobile_rec\.cache\huggingface\download\inference.pdiparams.lock
2025-08-19 13:39:21,977 DEBUG Attempting to release lock 2375452168784 on C:\Users\wadii\.paddlex\official_models\latin_PP-OCRv5_mobile_rec\.cache\huggingface\download\inference.yml.lock
2025-08-19 13:39:21,978 DEBUG Lock 2375452168784 released on C:\Users\wadii\.paddlex\official_models\latin_PP-OCRv5_mobile_rec\.cache\huggingface\download\inference.yml.lock
2025-08-19 13:39:29,460 DEBUG Calling on_part_begin with no data
2025-08-19 13:39:29,460 DEBUG Calling on_header_field with data[42:61]
2025-08-19 13:39:29,460 DEBUG Calling on_header_value with data[63:106]
2025-08-19 13:39:29,460 DEBUG Calling on_header_end with no data
2025-08-19 13:39:29,460 DEBUG Calling on_header_field with data[108:120]
2025-08-19 13:39:29,460 DEBUG Calling on_header_value with data[122:137]
2025-08-19 13:39:29,461 DEBUG Calling on_header_end with no data
2025-08-19 13:39:29,461 DEBUG Calling on_headers_finished with no data
2025-08-19 13:39:29,461 DEBUG Calling on_part_data with data[141:26267]
2025-08-19 13:39:29,461 DEBUG Calling on_part_end with no data
2025-08-19 13:39:29,461 DEBUG Calling on_end with no data
2025-08-19 13:39:29,549 DEBUG Calling on_part_begin with no data
2025-08-19 13:39:29,550 DEBUG Calling on_header_field with data[42:61]
2025-08-19 13:39:29,550 DEBUG Calling on_header_value with data[63:106]
2025-08-19 13:39:29,550 DEBUG Calling on_header_end with no data
2025-08-19 13:39:29,550 DEBUG Calling on_header_field with data[108:120]
2025-08-19 13:39:29,551 DEBUG Calling on_header_value with data[122:137]
2025-08-19 13:39:29,551 DEBUG Calling on_header_end with no data
2025-08-19 13:39:29,551 DEBUG Calling on_headers_finished with no data
2025-08-19 13:39:29,551 DEBUG Calling on_part_data with data[141:26267]
2025-08-19 13:39:29,552 DEBUG Calling on_part_end with no data
2025-08-19 13:39:29,552 DEBUG Calling on_part_begin with no data
2025-08-19 13:39:29,552 DEBUG Calling on_header_field with data[26311:26330]
2025-08-19 13:39:29,553 DEBUG Calling on_header_value with data[26332:26360]
2025-08-19 13:39:29,553 DEBUG Calling on_header_end with no data
2025-08-19 13:39:29,554 DEBUG Calling on_headers_finished with no data
2025-08-19 13:39:29,554 DEBUG Calling on_part_data with data[26364:26365]
2025-08-19 13:39:29,554 DEBUG Calling on_part_end with no data
2025-08-19 13:39:29,554 DEBUG Calling on_end with no data
2025-08-19 13:39:52,012 DEBUG Calling on_part_begin with no data
2025-08-19 13:39:52,012 DEBUG Calling on_header_field with data[42:61]
2025-08-19 13:39:52,012 DEBUG Calling on_header_value with data[63:117]
2025-08-19 13:39:52,012 DEBUG Calling on_header_end with no data
2025-08-19 13:39:52,012 DEBUG Calling on_header_field with data[119:131]
2025-08-19 13:39:52,012 DEBUG Calling on_header_value with data[133:148]
2025-08-19 13:39:52,013 DEBUG Calling on_header_end with no data
2025-08-19 13:39:52,013 DEBUG Calling on_headers_finished with no data
2025-08-19 13:39:52,013 DEBUG Calling on_part_data with data[152:16384]
2025-08-19 13:39:52,013 DEBUG Calling on_part_data with data[0:65536]
2025-08-19 13:39:52,014 DEBUG Calling on_part_data with data[0:16384]
2025-08-19 13:39:52,014 DEBUG Calling on_part_data with data[0:16384]
2025-08-19 13:39:52,015 DEBUG Calling on_part_data with data[0:32768]
2025-08-19 13:39:52,016 DEBUG Calling on_part_data with data[0:16384]
2025-08-19 13:39:52,016 DEBUG Calling on_part_data with data[0:16384]
2025-08-19 13:39:52,017 DEBUG Calling on_part_data with data[0:32768]
2025-08-19 13:39:52,017 DEBUG Calling on_part_data with data[0:16384]
2025-08-19 13:39:52,018 DEBUG Calling on_part_data with data[0:16384]
2025-08-19 13:39:52,018 DEBUG Calling on_part_data with data[0:16384]
2025-08-19 13:39:52,018 DEBUG Calling on_part_data with data[0:16384]
2025-08-19 13:39:52,019 DEBUG Calling on_part_data with data[0:16384]
2025-08-19 13:39:52,019 DEBUG Calling on_part_data with data[0:16384]
2025-08-19 13:39:52,019 DEBUG Calling on_part_data with data[0:16384]
2025-08-19 13:39:52,019 DEBUG Calling on_part_data with data[0:16384]
2025-08-19 13:39:52,020 DEBUG Calling on_part_data with data[0:16384]
2025-08-19 13:39:52,021 DEBUG Calling on_part_data with data[0:16384]
2025-08-19 13:39:52,021 DEBUG Calling on_part_data with data[0:16384]
2025-08-19 13:39:52,022 DEBUG Calling on_part_data with data[0:16384]
2025-08-19 13:39:52,022 DEBUG Calling on_part_data with data[0:16384]
2025-08-19 13:39:52,022 DEBUG Calling on_part_data with data[0:16384]
2025-08-19 13:39:52,023 DEBUG Calling on_part_data with data[0:16384]
2025-08-19 13:39:52,023 DEBUG Calling on_part_data with data[0:16384]
2025-08-19 13:39:52,024 DEBUG Calling on_part_data with data[0:32768]
2025-08-19 13:39:52,025 DEBUG Calling on_part_data with data[0:32768]
2025-08-19 13:39:52,025 DEBUG Calling on_part_data with data[0:16384]
2025-08-19 13:39:52,026 DEBUG Calling on_part_data with data[0:16384]
2025-08-19 13:39:52,026 DEBUG Calling on_part_data with data[0:16384]
2025-08-19 13:39:52,027 DEBUG Calling on_part_data with data[0:16384]
2025-08-19 13:39:52,027 DEBUG Calling on_part_data with data[0:16384]
2025-08-19 13:39:52,028 DEBUG Calling on_part_data with data[0:16384]
2025-08-19 13:39:52,028 DEBUG Calling on_part_data with data[0:16384]
2025-08-19 13:39:52,028 DEBUG Calling on_part_data with data[0:16384]
2025-08-19 13:39:52,029 DEBUG Calling on_part_data with data[0:16384]
2025-08-19 13:39:52,029 DEBUG Calling on_part_data with data[0:16384]
2025-08-19 13:39:52,030 DEBUG Calling on_part_data with data[0:16384]
2025-08-19 13:39:52,030 DEBUG Calling on_part_data with data[0:16384]
2025-08-19 13:39:52,031 DEBUG Calling on_part_data with data[0:16384]
2025-08-19 13:39:52,031 DEBUG Calling on_part_data with data[0:16384]
2025-08-19 13:39:52,032 DEBUG Calling on_part_data with data[0:16384]
2025-08-19 13:39:52,033 DEBUG Calling on_part_data with data[0:16384]
2025-08-19 13:39:52,033 DEBUG Calling on_part_data with data[0:9943]
2025-08-19 13:39:52,033 DEBUG Calling on_part_end with no data
2025-08-19 13:39:52,034 DEBUG Calling on_end with no data
2025-08-19 13:39:52,151 DEBUG Calling on_part_begin with no data
2025-08-19 13:39:52,152 DEBUG Calling on_header_field with data[42:61]
2025-08-19 13:39:52,152 DEBUG Calling on_header_value with data[63:117]
2025-08-19 13:39:52,152 DEBUG Calling on_header_end with no data
2025-08-19 13:39:52,153 DEBUG Calling on_header_field with data[119:131]
2025-08-19 13:39:52,153 DEBUG Calling on_header_value with data[133:148]
2025-08-19 13:39:52,153 DEBUG Calling on_header_end with no data
2025-08-19 13:39:52,153 DEBUG Calling on_headers_finished with no data
2025-08-19 13:39:52,154 DEBUG Calling on_part_data with data[152:229376]
2025-08-19 13:39:52,157 DEBUG Calling on_part_data with data[0:262144]
2025-08-19 13:39:52,158 DEBUG Calling on_part_data with data[0:98304]
2025-08-19 13:39:52,159 DEBUG Calling on_part_data with data[0:16384]
2025-08-19 13:39:52,161 DEBUG Calling on_part_data with data[0:16384]
2025-08-19 13:39:52,162 DEBUG Calling on_part_data with data[0:32768]
2025-08-19 13:39:52,163 DEBUG Calling on_part_data with data[0:32768]
2025-08-19 13:39:52,164 DEBUG Calling on_part_data with data[0:98304]
2025-08-19 13:39:52,165 DEBUG Calling on_part_data with data[0:26327]
2025-08-19 13:39:52,165 DEBUG Calling on_part_end with no data
2025-08-19 13:39:52,165 DEBUG Calling on_part_begin with no data
2025-08-19 13:39:52,165 DEBUG Calling on_header_field with data[26371:26390]
2025-08-19 13:39:52,166 DEBUG Calling on_header_value with data[26392:26420]
2025-08-19 13:39:52,166 DEBUG Calling on_header_end with no data
2025-08-19 13:39:52,166 DEBUG Calling on_headers_finished with no data
2025-08-19 13:39:52,167 DEBUG Calling on_part_data with data[26424:26425]
2025-08-19 13:39:52,167 DEBUG Calling on_part_end with no data
2025-08-19 13:39:52,167 DEBUG Calling on_end with no data
2025-08-19 13:40:09,437 DEBUG Calling on_part_begin with no data
2025-08-19 13:40:09,437 DEBUG Calling on_header_field with data[42:61]
2025-08-19 13:40:09,437 DEBUG Calling on_header_value with data[63:117]
2025-08-19 13:40:09,437 DEBUG Calling on_header_end with no data
2025-08-19 13:40:09,437 DEBUG Calling on_header_field with data[119:131]
2025-08-19 13:40:09,438 DEBUG Calling on_header_value with data[133:148]
2025-08-19 13:40:09,438 DEBUG Calling on_header_end with no data
2025-08-19 13:40:09,438 DEBUG Calling on_headers_finished with no data
2025-08-19 13:40:09,438 DEBUG Calling on_part_data with data[152:180224]
2025-08-19 13:40:09,439 DEBUG Calling on_part_data with data[0:262144]
2025-08-19 13:40:09,440 DEBUG Calling on_part_data with data[0:262144]
2025-08-19 13:40:09,440 DEBUG Calling on_part_data with data[0:108247]
2025-08-19 13:40:09,440 DEBUG Calling on_part_end with no data
2025-08-19 13:40:09,440 DEBUG Calling on_end with no data
2025-08-19 13:40:09,522 DEBUG Calling on_part_begin with no data
2025-08-19 13:40:09,522 DEBUG Calling on_header_field with data[42:61]
2025-08-19 13:40:09,522 DEBUG Calling on_header_value with data[63:117]
2025-08-19 13:40:09,523 DEBUG Calling on_header_end with no data
2025-08-19 13:40:09,523 DEBUG Calling on_header_field with data[119:131]
2025-08-19 13:40:09,523 DEBUG Calling on_header_value with data[133:148]
2025-08-19 13:40:09,523 DEBUG Calling on_header_end with no data
2025-08-19 13:40:09,523 DEBUG Calling on_headers_finished with no data
2025-08-19 13:40:09,523 DEBUG Calling on_part_data with data[152:16384]
2025-08-19 13:40:09,525 DEBUG Calling on_part_data with data[0:262144]
2025-08-19 13:40:09,525 DEBUG Calling on_part_data with data[0:262144]
2025-08-19 13:40:09,526 DEBUG Calling on_part_data with data[0:262144]
2025-08-19 13:40:09,527 DEBUG Calling on_part_data with data[0:9943]
2025-08-19 13:40:09,527 DEBUG Calling on_part_end with no data
2025-08-19 13:40:09,527 DEBUG Calling on_part_begin with no data
2025-08-19 13:40:09,528 DEBUG Calling on_header_field with data[9987:10006]
2025-08-19 13:40:09,528 DEBUG Calling on_header_value with data[10008:10036]
2025-08-19 13:40:09,528 DEBUG Calling on_header_end with no data
2025-08-19 13:40:09,528 DEBUG Calling on_headers_finished with no data
2025-08-19 13:40:09,529 DEBUG Calling on_part_data with data[10040:10041]
2025-08-19 13:40:09,529 DEBUG Calling on_part_end with no data
2025-08-19 13:40:09,529 DEBUG Calling on_end with no data
2025-08-19 13:40:23,556 DEBUG Processed field map: {'fournisseur': {'manualValue': 'radeema'}, 'serial': {'manualValue': '169519784'}, 'numeroFacture': {'left': 28, 'top': 102, 'width': 671, 'height': 43, 'manual': False}, 'dateFacturation': {'left': 872, 'top': 260, 'width': 65, 'height': 21, 'manual': False}}
2025-08-19 13:40:31,735 DEBUG Calling on_part_begin with no data
2025-08-19 13:40:31,735 DEBUG Calling on_header_field with data[42:61]
2025-08-19 13:40:31,735 DEBUG Calling on_header_value with data[63:117]
2025-08-19 13:40:31,735 DEBUG Calling on_header_end with no data
2025-08-19 13:40:31,736 DEBUG Calling on_header_field with data[119:131]
2025-08-19 13:40:31,736 DEBUG Calling on_header_value with data[133:148]
2025-08-19 13:40:31,736 DEBUG Calling on_header_end with no data
2025-08-19 13:40:31,736 DEBUG Calling on_headers_finished with no data
2025-08-19 13:40:31,736 DEBUG Calling on_part_data with data[152:229376]
2025-08-19 13:40:31,737 DEBUG Calling on_part_data with data[0:262144]
2025-08-19 13:40:31,737 DEBUG Calling on_part_data with data[0:262144]
2025-08-19 13:40:31,738 DEBUG Calling on_part_data with data[0:59095]
2025-08-19 13:40:31,738 DEBUG Calling on_part_end with no data
2025-08-19 13:40:31,738 DEBUG Calling on_end with no data
2025-08-19 13:40:31,979 DEBUG STREAM b'IHDR' 16 13
2025-08-19 13:40:31,979 DEBUG STREAM b'pHYs' 41 9
2025-08-19 13:40:31,979 DEBUG STREAM b'IDAT' 62 1137558
2025-08-19 13:40:32,255 DEBUG Calling on_part_begin with no data
2025-08-19 13:40:32,255 DEBUG Calling on_header_field with data[42:61]
2025-08-19 13:40:32,255 DEBUG Calling on_header_value with data[63:116]
2025-08-19 13:40:32,255 DEBUG Calling on_header_end with no data
2025-08-19 13:40:32,255 DEBUG Calling on_header_field with data[118:130]
2025-08-19 13:40:32,255 DEBUG Calling on_header_value with data[132:147]
2025-08-19 13:40:32,256 DEBUG Calling on_header_end with no data
2025-08-19 13:40:32,256 DEBUG Calling on_headers_finished with no data
2025-08-19 13:40:32,256 DEBUG Calling on_part_data with data[151:16384]
2025-08-19 13:40:32,256 DEBUG Calling on_part_data with data[0:49152]
2025-08-19 13:40:32,257 DEBUG Calling on_part_data with data[0:16384]
2025-08-19 13:40:32,257 DEBUG Calling on_part_data with data[0:16384]
2025-08-19 13:40:32,257 DEBUG Calling on_part_data with data[0:16384]
2025-08-19 13:40:32,258 DEBUG Calling on_part_data with data[0:16384]
2025-08-19 13:40:32,258 DEBUG Calling on_part_data with data[0:16384]
2025-08-19 13:40:32,259 DEBUG Calling on_part_data with data[0:16384]
2025-08-19 13:40:32,259 DEBUG Calling on_part_data with data[0:16384]
2025-08-19 13:40:32,259 DEBUG Calling on_part_data with data[0:16384]
2025-08-19 13:40:32,260 DEBUG Calling on_part_data with data[0:16384]
2025-08-19 13:40:32,260 DEBUG Calling on_part_data with data[0:16384]
2025-08-19 13:40:32,260 DEBUG Calling on_part_data with data[0:16384]
2025-08-19 13:40:32,261 DEBUG Calling on_part_data with data[0:16384]
2025-08-19 13:40:32,261 DEBUG Calling on_part_data with data[0:16384]
2025-08-19 13:40:32,261 DEBUG Calling on_part_data with data[0:16384]
2025-08-19 13:40:32,262 DEBUG Calling on_part_data with data[0:16384]
2025-08-19 13:40:32,262 DEBUG Calling on_part_data with data[0:16384]
2025-08-19 13:40:32,263 DEBUG Calling on_part_data with data[0:16384]
2025-08-19 13:40:32,263 DEBUG Calling on_part_data with data[0:16384]
2025-08-19 13:40:32,263 DEBUG Calling on_part_data with data[0:16384]
2025-08-19 13:40:32,264 DEBUG Calling on_part_data with data[0:16384]
2025-08-19 13:40:32,264 DEBUG Calling on_part_data with data[0:16384]
2025-08-19 13:40:32,264 DEBUG Calling on_part_data with data[0:16384]
2025-08-19 13:40:32,265 DEBUG Calling on_part_data with data[0:16384]
2025-08-19 13:40:32,265 DEBUG Calling on_part_data with data[0:16384]
2025-08-19 13:40:32,265 DEBUG Calling on_part_data with data[0:16384]
2025-08-19 13:40:32,266 DEBUG Calling on_part_data with data[0:16384]
2025-08-19 13:40:32,266 DEBUG Calling on_part_data with data[0:16384]
2025-08-19 13:40:32,267 DEBUG Calling on_part_data with data[0:16384]
2025-08-19 13:40:32,268 DEBUG Calling on_part_data with data[0:16384]
2025-08-19 13:40:32,268 DEBUG Calling on_part_data with data[0:16384]
2025-08-19 13:40:32,268 DEBUG Calling on_part_data with data[0:16384]
2025-08-19 13:40:32,269 DEBUG Calling on_part_data with data[0:16384]
2025-08-19 13:40:32,269 DEBUG Calling on_part_data with data[0:16384]
2025-08-19 13:40:32,270 DEBUG Calling on_part_data with data[0:16384]
2025-08-19 13:40:32,270 DEBUG Calling on_part_data with data[0:16384]
2025-08-19 13:40:32,270 DEBUG Calling on_part_data with data[0:16384]
2025-08-19 13:40:32,270 DEBUG Calling on_part_data with data[0:16384]
2025-08-19 13:40:32,271 DEBUG Calling on_part_data with data[0:16384]
2025-08-19 13:40:32,271 DEBUG Calling on_part_data with data[0:16384]
2025-08-19 13:40:32,272 DEBUG Calling on_part_data with data[0:16384]
2025-08-19 13:40:32,272 DEBUG Calling on_part_data with data[0:16384]
2025-08-19 13:40:32,273 DEBUG Calling on_part_data with data[0:16384]
2025-08-19 13:40:32,274 DEBUG Calling on_part_data with data[0:16384]
2025-08-19 13:40:32,274 DEBUG Calling on_part_data with data[0:16384]
2025-08-19 13:40:32,279 DEBUG Calling on_part_data with data[0:16384]
2025-08-19 13:40:32,295 DEBUG Calling on_part_data with data[0:16384]
2025-08-19 13:40:32,305 DEBUG Calling on_part_data with data[0:11444]
2025-08-19 13:40:32,305 DEBUG Calling on_part_end with no data
2025-08-19 13:40:32,305 DEBUG Calling on_end with no data
2025-08-19 13:40:32,534 DEBUG STREAM b'IHDR' 16 13
2025-08-19 13:40:32,534 DEBUG STREAM b'pHYs' 41 9
2025-08-19 13:40:32,534 DEBUG STREAM b'IDAT' 62 1112649
2025-08-19 13:40:33,944 DEBUG Calling on_part_begin with no data
2025-08-19 13:40:33,944 DEBUG Calling on_header_field with data[42:61]
2025-08-19 13:40:33,945 DEBUG Calling on_header_value with data[63:108]
2025-08-19 13:40:33,945 DEBUG Calling on_header_end with no data
2025-08-19 13:40:33,945 DEBUG Calling on_header_field with data[110:122]
2025-08-19 13:40:33,945 DEBUG Calling on_header_value with data[124:133]
2025-08-19 13:40:33,945 DEBUG Calling on_header_end with no data
2025-08-19 13:40:33,946 DEBUG Calling on_headers_finished with no data
2025-08-19 13:40:33,946 DEBUG Calling on_part_data with data[137:32768]
2025-08-19 13:40:33,947 DEBUG Calling on_part_data with data[0:262144]
2025-08-19 13:40:33,948 DEBUG Calling on_part_data with data[0:262144]
2025-08-19 13:40:33,950 DEBUG Calling on_part_data with data[0:262144]
2025-08-19 13:40:33,951 DEBUG Calling on_part_data with data[0:262144]
2025-08-19 13:40:33,957 DEBUG Calling on_part_data with data[0:24589]
2025-08-19 13:40:33,957 DEBUG Calling on_part_end with no data
2025-08-19 13:40:33,958 DEBUG Calling on_part_begin with no data
2025-08-19 13:40:33,958 DEBUG Calling on_header_field with data[24633:24652]
2025-08-19 13:40:33,958 DEBUG Calling on_header_value with data[24654:24683]
2025-08-19 13:40:33,958 DEBUG Calling on_header_end with no data
2025-08-19 13:40:33,959 DEBUG Calling on_headers_finished with no data
2025-08-19 13:40:33,959 DEBUG Calling on_part_data with data[24687:24688]
2025-08-19 13:40:33,959 DEBUG Calling on_part_end with no data
2025-08-19 13:40:33,959 DEBUG Calling on_end with no data
2025-08-19 13:40:33,963 DEBUG STREAM b'IHDR' 16 13
2025-08-19 13:40:33,963 DEBUG STREAM b'IDAT' 41 65536
2025-08-19 13:40:38,059 DEBUG Calling on_part_begin with no data
2025-08-19 13:40:38,059 DEBUG Calling on_header_field with data[42:61]
2025-08-19 13:40:38,059 DEBUG Calling on_header_value with data[63:108]
2025-08-19 13:40:38,059 DEBUG Calling on_header_end with no data
2025-08-19 13:40:38,059 DEBUG Calling on_header_field with data[110:122]
2025-08-19 13:40:38,059 DEBUG Calling on_header_value with data[124:133]
2025-08-19 13:40:38,059 DEBUG Calling on_header_end with no data
2025-08-19 13:40:38,059 DEBUG Calling on_headers_finished with no data
2025-08-19 13:40:38,060 DEBUG Calling on_part_data with data[137:16384]
2025-08-19 13:40:38,060 DEBUG Calling on_part_data with data[0:262144]
2025-08-19 13:40:38,061 DEBUG Calling on_part_data with data[0:262144]
2025-08-19 13:40:38,062 DEBUG Calling on_part_data with data[0:262144]
2025-08-19 13:40:38,062 DEBUG Calling on_part_data with data[0:262144]
2025-08-19 13:40:38,065 DEBUG Calling on_part_data with data[0:36224]
2025-08-19 13:40:38,065 DEBUG Calling on_part_end with no data
2025-08-19 13:40:38,065 DEBUG Calling on_part_begin with no data
2025-08-19 13:40:38,065 DEBUG Calling on_header_field with data[36268:36287]
2025-08-19 13:40:38,065 DEBUG Calling on_header_value with data[36289:36318]
2025-08-19 13:40:38,065 DEBUG Calling on_header_end with no data
2025-08-19 13:40:38,065 DEBUG Calling on_headers_finished with no data
2025-08-19 13:40:38,065 DEBUG Calling on_part_data with data[36322:36323]
2025-08-19 13:40:38,066 DEBUG Calling on_part_end with no data
2025-08-19 13:40:38,066 DEBUG Calling on_end with no data
2025-08-19 13:40:38,068 DEBUG STREAM b'IHDR' 16 13
2025-08-19 13:40:38,068 DEBUG STREAM b'IDAT' 41 65536
2025-08-19 13:52:15,587 INFO Initializing database...
2025-08-19 13:52:15,629 INFO Database tables created successfully
2025-08-19 13:52:15,671 INFO Default data inserted successfully
2025-08-19 13:52:15,671 INFO Database initialization complete
2025-08-19 13:52:55,159 INFO Initializing database...
2025-08-19 13:52:55,221 INFO Database tables created successfully
2025-08-19 13:52:55,274 INFO Default data inserted successfully
2025-08-19 13:52:55,274 INFO Database initialization complete
2025-08-19 14:30:57,751 INFO Initializing database...
2025-08-19 14:30:57,824 INFO Database tables created successfully
2025-08-19 14:30:57,909 INFO Default data inserted successfully
2025-08-19 14:30:57,909 INFO Database initialization complete
2025-08-19 15:00:43,792 INFO Initializing database...
2025-08-19 15:00:43,863 INFO Database tables created successfully
2025-08-19 15:00:43,937 INFO Default data inserted successfully
2025-08-19 15:00:43,937 INFO Database initialization complete
2025-08-19 15:04:36,957 INFO Initializing database...
2025-08-19 15:04:37,047 INFO Database tables created successfully
2025-08-19 15:04:37,131 INFO Default data inserted successfully
2025-08-19 15:04:37,131 INFO Database initialization complete
2025-08-19 15:06:16,982 INFO Initializing database...
2025-08-19 15:06:17,113 INFO Database tables created successfully
2025-08-19 15:06:17,224 INFO Default data inserted successfully
2025-08-19 15:06:17,225 INFO Database initialization complete
2025-08-21 12:34:13,538 INFO Initializing database...
2025-08-21 12:34:13,658 INFO Database tables created successfully
2025-08-21 12:34:13,847 INFO Default data inserted successfully
2025-08-21 12:34:13,847 INFO Database initialization complete
2025-08-21 13:46:12,141 INFO Initializing database...
2025-08-21 13:46:12,216 INFO Database tables created successfully
2025-08-21 13:46:12,296 INFO Default data inserted successfully
2025-08-21 13:46:12,296 INFO Database initialization complete
2025-08-22 23:47:54,837 INFO Initializing database...
2025-08-22 23:47:54,899 INFO Database tables created successfully
2025-08-22 23:47:54,976 INFO Default data inserted successfully
2025-08-22 23:47:54,977 INFO Database initialization complete
2025-08-22 23:56:21,604 INFO Initializing database...
2025-08-22 23:56:21,657 INFO Database tables created successfully
2025-08-22 23:56:21,717 INFO Default data inserted successfully
2025-08-22 23:56:21,717 INFO Database initialization complete
2025-08-23 00:16:46,825 INFO Initializing database...
2025-08-23 00:16:46,884 INFO Database tables created successfully
2025-08-23 00:16:46,942 INFO Default data inserted successfully
2025-08-23 00:16:46,942 INFO Database initialization complete
2025-08-23 00:17:38,213 INFO Initializing database...
2025-08-23 00:17:38,266 INFO Database tables created successfully
2025-08-23 00:17:38,324 INFO Default data inserted successfully
2025-08-23 00:17:38,324 INFO Database initialization complete
2025-08-23 00:31:19,599 INFO Initializing database...
2025-08-23 00:31:19,646 INFO Database tables created successfully
2025-08-23 00:31:19,692 INFO Default data inserted successfully
2025-08-23 00:31:19,694 INFO Database initialization complete
2025-08-23 00:39:12,236 INFO Initializing database...
2025-08-23 00:39:12,289 INFO Database tables created successfully
2025-08-23 00:39:12,353 INFO Default data inserted successfully
2025-08-23 00:39:12,353 INFO Database initialization complete
2025-08-23 00:39:37,214 INFO Initializing database...
2025-08-23 00:39:37,277 INFO Database tables created successfully
2025-08-23 00:39:37,342 INFO Default data inserted successfully
2025-08-23 00:39:37,343 INFO Database initialization complete
2025-08-23 00:48:51,056 INFO Initializing database...
2025-08-23 00:48:51,119 INFO Database tables created successfully
2025-08-23 00:48:51,180 INFO Default data inserted successfully
2025-08-23 00:48:51,180 INFO Database initialization complete
2025-08-23 00:49:13,341 INFO Initializing database...
2025-08-23 00:49:13,387 INFO Database tables created successfully
2025-08-23 00:49:13,433 INFO Default data inserted successfully
2025-08-23 00:49:13,433 INFO Database initialization complete
2025-08-23 01:04:50,784 ERROR Error in ocr_preview: Unread result found
Traceback (most recent call last):
  File "C:\Users\wadii\Desktop\stage_emsi_evoleo\backend\main.py", line 1567, in ocr_preview
    cursor.close()
  File "C:\Users\wadii\anaconda3\envs\gpu\Lib\site-packages\mysql\connector\cursor_cext.py", line 513, in close
    self._connection.handle_unread_result()
  File "C:\Users\wadii\anaconda3\envs\gpu\Lib\site-packages\mysql\connector\connection_cext.py", line 1121, in handle_unread_result
    raise InternalError("Unread result found")
mysql.connector.errors.InternalError: Unread result found

2025-08-23 01:10:00,234 ERROR Error in ocr_preview: Unread result found
Traceback (most recent call last):
  File "C:\Users\wadii\Desktop\stage_emsi_evoleo\backend\main.py", line 1567, in ocr_preview
    cursor.close()
  File "C:\Users\wadii\anaconda3\envs\gpu\Lib\site-packages\mysql\connector\cursor_cext.py", line 513, in close
    self._connection.handle_unread_result()
  File "C:\Users\wadii\anaconda3\envs\gpu\Lib\site-packages\mysql\connector\connection_cext.py", line 1121, in handle_unread_result
    raise InternalError("Unread result found")
mysql.connector.errors.InternalError: Unread result found

2025-08-23 01:12:46,051 INFO Initializing database...
2025-08-23 01:12:46,101 INFO Database tables created successfully
2025-08-23 01:12:46,146 INFO Default data inserted successfully
2025-08-23 01:12:46,146 INFO Database initialization complete
2025-08-23 01:17:49,055 ERROR Error in ocr_preview: name 'time' is not defined
Traceback (most recent call last):
  File "C:\Users\wadii\Desktop\stage_emsi_evoleo\backend\main.py", line 1586, in ocr_preview
    date_extraction_start = time.time()
                            ^^^^
NameError: name 'time' is not defined

2025-08-23 01:19:30,191 INFO Initializing database...
2025-08-23 01:19:30,259 INFO Database tables created successfully
2025-08-23 01:19:30,317 INFO Default data inserted successfully
2025-08-23 01:19:30,317 INFO Database initialization complete
2025-08-23 01:20:15,338 INFO Initializing database...
2025-08-23 01:20:15,386 INFO Database tables created successfully
2025-08-23 01:20:15,434 INFO Default data inserted successfully
2025-08-23 01:20:15,435 INFO Database initialization complete
2025-08-23 01:20:48,972 ERROR Error in ocr_preview: Unread result found
Traceback (most recent call last):
  File "C:\Users\wadii\Desktop\stage_emsi_evoleo\backend\main.py", line 1604, in ocr_preview
    mapping = tva_cursor.fetchone()
              ^^^^^^^^^^^^^^^^^^^^^
  File "C:\Users\wadii\anaconda3\envs\gpu\Lib\site-packages\mysql\connector\cursor_cext.py", line 949, in fetchone
    row = super().fetchone()
          ^^^^^^^^^^^^^^^^^^
  File "C:\Users\wadii\anaconda3\envs\gpu\Lib\site-packages\mysql\connector\cursor_cext.py", line 738, in fetchone
    self._handle_eof()
  File "C:\Users\wadii\anaconda3\envs\gpu\Lib\site-packages\mysql\connector\cursor_cext.py", line 295, in _handle_eof
    self._warning_count = self._connection.warning_count
                          ^^^^^^^^^^^^^^^^^^^^^^^^^^^^^^
AttributeError: 'NoneType' object has no attribute 'warning_count'

During handling of the above exception, another exception occurred:

Traceback (most recent call last):
  File "C:\Users\wadii\Desktop\stage_emsi_evoleo\backend\main.py", line 1841, in ocr_preview
    print(traceback.format_exc())
          ^^^^^^^^^
UnboundLocalError: cannot access local variable 'traceback' where it is not associated with a value

During handling of the above exception, another exception occurred:

Traceback (most recent call last):
  File "C:\Users\wadii\Desktop\stage_emsi_evoleo\backend\main.py", line 1848, in ocr_preview
    cursor.close()
  File "C:\Users\wadii\anaconda3\envs\gpu\Lib\site-packages\mysql\connector\cursor_cext.py", line 513, in close
    self._connection.handle_unread_result()
  File "C:\Users\wadii\anaconda3\envs\gpu\Lib\site-packages\mysql\connector\connection_cext.py", line 1121, in handle_unread_result
    raise InternalError("Unread result found")
mysql.connector.errors.InternalError: Unread result found

2025-08-23 01:21:29,854 INFO Initializing database...
2025-08-23 01:21:29,923 INFO Database tables created successfully
2025-08-23 01:21:29,985 INFO Default data inserted successfully
2025-08-23 01:21:29,985 INFO Database initialization complete
2025-08-23 01:21:57,745 INFO Initializing database...
2025-08-23 01:21:57,802 INFO Database tables created successfully
2025-08-23 01:21:57,849 INFO Default data inserted successfully
2025-08-23 01:21:57,849 INFO Database initialization complete
2025-08-23 01:46:26,283 ERROR Error in ocr_preview: Unread result found
Traceback (most recent call last):
  File "C:\Users\wadii\Desktop\stage_emsi_evoleo\backend\main.py", line 1617, in ocr_preview
    mapping = tva_cursor.fetchone()
              ^^^^^^^^^^^^^^^^^^^^^
  File "C:\Users\wadii\anaconda3\envs\gpu\Lib\site-packages\mysql\connector\cursor_cext.py", line 949, in fetchone
    row = super().fetchone()
          ^^^^^^^^^^^^^^^^^^
  File "C:\Users\wadii\anaconda3\envs\gpu\Lib\site-packages\mysql\connector\cursor_cext.py", line 728, in fetchone
    self._check_executed()
  File "C:\Users\wadii\anaconda3\envs\gpu\Lib\site-packages\mysql\connector\cursor_cext.py", line 219, in _check_executed
    raise InterfaceError(ERR_NO_RESULT_TO_FETCH)
mysql.connector.errors.InterfaceError: No result set to fetch from

During handling of the above exception, another exception occurred:

Traceback (most recent call last):
  File "C:\Users\wadii\Desktop\stage_emsi_evoleo\backend\main.py", line 1854, in ocr_preview
    print(traceback.format_exc())
          ^^^^^^^^^
UnboundLocalError: cannot access local variable 'traceback' where it is not associated with a value

During handling of the above exception, another exception occurred:

Traceback (most recent call last):
  File "C:\Users\wadii\Desktop\stage_emsi_evoleo\backend\main.py", line 1861, in ocr_preview
    cursor.close()
  File "C:\Users\wadii\anaconda3\envs\gpu\Lib\site-packages\mysql\connector\cursor_cext.py", line 513, in close
    self._connection.handle_unread_result()
  File "C:\Users\wadii\anaconda3\envs\gpu\Lib\site-packages\mysql\connector\connection_cext.py", line 1121, in handle_unread_result
    raise InternalError("Unread result found")
mysql.connector.errors.InternalError: Unread result found

2025-08-23 01:46:47,719 ERROR Error in ocr_preview: Unread result found
Traceback (most recent call last):
  File "C:\Users\wadii\Desktop\stage_emsi_evoleo\backend\main.py", line 1617, in ocr_preview
    mapping = tva_cursor.fetchone()
              ^^^^^^^^^^^^^^^^^^^^^
  File "C:\Users\wadii\anaconda3\envs\gpu\Lib\site-packages\mysql\connector\cursor_cext.py", line 949, in fetchone
    row = super().fetchone()
          ^^^^^^^^^^^^^^^^^^
  File "C:\Users\wadii\anaconda3\envs\gpu\Lib\site-packages\mysql\connector\cursor_cext.py", line 728, in fetchone
    self._check_executed()
  File "C:\Users\wadii\anaconda3\envs\gpu\Lib\site-packages\mysql\connector\cursor_cext.py", line 219, in _check_executed
    raise InterfaceError(ERR_NO_RESULT_TO_FETCH)
mysql.connector.errors.InterfaceError: No result set to fetch from

During handling of the above exception, another exception occurred:

Traceback (most recent call last):
  File "C:\Users\wadii\Desktop\stage_emsi_evoleo\backend\main.py", line 1854, in ocr_preview
    print(traceback.format_exc())
          ^^^^^^^^^
UnboundLocalError: cannot access local variable 'traceback' where it is not associated with a value

During handling of the above exception, another exception occurred:

Traceback (most recent call last):
  File "C:\Users\wadii\Desktop\stage_emsi_evoleo\backend\main.py", line 1861, in ocr_preview
    cursor.close()
  File "C:\Users\wadii\anaconda3\envs\gpu\Lib\site-packages\mysql\connector\cursor_cext.py", line 513, in close
    self._connection.handle_unread_result()
  File "C:\Users\wadii\anaconda3\envs\gpu\Lib\site-packages\mysql\connector\connection_cext.py", line 1121, in handle_unread_result
    raise InternalError("Unread result found")
mysql.connector.errors.InternalError: Unread result found

2025-08-23 01:46:50,884 ERROR Error in ocr_preview: Unread result found
Traceback (most recent call last):
  File "C:\Users\wadii\Desktop\stage_emsi_evoleo\backend\main.py", line 1617, in ocr_preview
    mapping = tva_cursor.fetchone()
              ^^^^^^^^^^^^^^^^^^^^^
  File "C:\Users\wadii\anaconda3\envs\gpu\Lib\site-packages\mysql\connector\cursor_cext.py", line 949, in fetchone
    row = super().fetchone()
          ^^^^^^^^^^^^^^^^^^
  File "C:\Users\wadii\anaconda3\envs\gpu\Lib\site-packages\mysql\connector\cursor_cext.py", line 728, in fetchone
    self._check_executed()
  File "C:\Users\wadii\anaconda3\envs\gpu\Lib\site-packages\mysql\connector\cursor_cext.py", line 219, in _check_executed
    raise InterfaceError(ERR_NO_RESULT_TO_FETCH)
mysql.connector.errors.InterfaceError: No result set to fetch from

During handling of the above exception, another exception occurred:

Traceback (most recent call last):
  File "C:\Users\wadii\Desktop\stage_emsi_evoleo\backend\main.py", line 1854, in ocr_preview
    print(traceback.format_exc())
          ^^^^^^^^^
UnboundLocalError: cannot access local variable 'traceback' where it is not associated with a value

During handling of the above exception, another exception occurred:

Traceback (most recent call last):
  File "C:\Users\wadii\Desktop\stage_emsi_evoleo\backend\main.py", line 1861, in ocr_preview
    cursor.close()
  File "C:\Users\wadii\anaconda3\envs\gpu\Lib\site-packages\mysql\connector\cursor_cext.py", line 513, in close
    self._connection.handle_unread_result()
  File "C:\Users\wadii\anaconda3\envs\gpu\Lib\site-packages\mysql\connector\connection_cext.py", line 1121, in handle_unread_result
    raise InternalError("Unread result found")
mysql.connector.errors.InternalError: Unread result found

2025-08-23 01:48:14,800 INFO Initializing database...
2025-08-23 01:48:14,921 INFO Database tables created successfully
2025-08-23 01:48:15,041 INFO Default data inserted successfully
2025-08-23 01:48:15,042 INFO Database initialization complete
2025-08-23 02:07:32,072 ERROR Error in ocr_preview: Unread result found
Traceback (most recent call last):
  File "C:\Users\wadii\Desktop\stage_emsi_evoleo\backend\main.py", line 1641, in ocr_preview
    mapping = tva_cursor.fetchone()
              ^^^^^^^^^^^^^^^^^^^^^
  File "C:\Users\wadii\anaconda3\envs\gpu\Lib\site-packages\mysql\connector\cursor_cext.py", line 903, in fetchone
    self._check_executed()
  File "C:\Users\wadii\anaconda3\envs\gpu\Lib\site-packages\mysql\connector\cursor_cext.py", line 219, in _check_executed
    raise InterfaceError(ERR_NO_RESULT_TO_FETCH)
mysql.connector.errors.InterfaceError: No result set to fetch from

During handling of the above exception, another exception occurred:

Traceback (most recent call last):
  File "C:\Users\wadii\Desktop\stage_emsi_evoleo\backend\main.py", line 1878, in ocr_preview
    print(traceback.format_exc())
          ^^^^^^^^^
UnboundLocalError: cannot access local variable 'traceback' where it is not associated with a value

During handling of the above exception, another exception occurred:

Traceback (most recent call last):
  File "C:\Users\wadii\Desktop\stage_emsi_evoleo\backend\main.py", line 1885, in ocr_preview
    cursor.close()
  File "C:\Users\wadii\anaconda3\envs\gpu\Lib\site-packages\mysql\connector\cursor_cext.py", line 513, in close
    self._connection.handle_unread_result()
  File "C:\Users\wadii\anaconda3\envs\gpu\Lib\site-packages\mysql\connector\connection_cext.py", line 1121, in handle_unread_result
    raise InternalError("Unread result found")
mysql.connector.errors.InternalError: Unread result found

2025-08-23 02:11:24,897 ERROR Error in ocr_preview: Unread result found
Traceback (most recent call last):
  File "C:\Users\wadii\Desktop\stage_emsi_evoleo\backend\main.py", line 1641, in ocr_preview
    mapping = tva_cursor.fetchone()
              ^^^^^^^^^^^^^^^^^^^^^
  File "C:\Users\wadii\anaconda3\envs\gpu\Lib\site-packages\mysql\connector\cursor_cext.py", line 903, in fetchone
    self._check_executed()
  File "C:\Users\wadii\anaconda3\envs\gpu\Lib\site-packages\mysql\connector\cursor_cext.py", line 219, in _check_executed
    raise InterfaceError(ERR_NO_RESULT_TO_FETCH)
mysql.connector.errors.InterfaceError: No result set to fetch from

During handling of the above exception, another exception occurred:

Traceback (most recent call last):
  File "C:\Users\wadii\Desktop\stage_emsi_evoleo\backend\main.py", line 1878, in ocr_preview
    print(traceback.format_exc())
          ^^^^^^^^^
UnboundLocalError: cannot access local variable 'traceback' where it is not associated with a value

During handling of the above exception, another exception occurred:

Traceback (most recent call last):
  File "C:\Users\wadii\Desktop\stage_emsi_evoleo\backend\main.py", line 1885, in ocr_preview
    cursor.close()
  File "C:\Users\wadii\anaconda3\envs\gpu\Lib\site-packages\mysql\connector\cursor_cext.py", line 513, in close
    self._connection.handle_unread_result()
  File "C:\Users\wadii\anaconda3\envs\gpu\Lib\site-packages\mysql\connector\connection_cext.py", line 1121, in handle_unread_result
    raise InternalError("Unread result found")
mysql.connector.errors.InternalError: Unread result found

2025-08-23 02:14:25,816 INFO Initializing database...
2025-08-23 02:14:25,900 INFO Database tables created successfully
2025-08-23 02:14:25,993 INFO Default data inserted successfully
2025-08-23 02:14:25,994 INFO Database initialization complete
2025-08-23 02:16:02,966 INFO Initializing database...
2025-08-23 02:16:03,098 INFO Database tables created successfully
2025-08-23 02:16:03,231 INFO Default data inserted successfully
2025-08-23 02:16:03,232 INFO Database initialization complete
2025-08-23 02:28:00,743 ERROR Error in ocr_preview: name 'ht_match' is not defined
Traceback (most recent call last):
  File "C:\Users\wadii\Desktop\stage_emsi_evoleo\backend\main.py", line 1934, in ocr_preview
    "left": ht_match['value_box']['left'],
            ^^^^^^^^
NameError: name 'ht_match' is not defined

2025-08-23 02:28:26,674 ERROR Error in ocr_preview: name 'ht_match' is not defined
Traceback (most recent call last):
  File "C:\Users\wadii\Desktop\stage_emsi_evoleo\backend\main.py", line 1934, in ocr_preview
    "left": ht_match['value_box']['left'],
            ^^^^^^^^
NameError: name 'ht_match' is not defined

2025-08-23 02:30:39,014 INFO Initializing database...
2025-08-23 02:30:39,083 INFO Database tables created successfully
2025-08-23 02:30:39,159 INFO Default data inserted successfully
2025-08-23 02:30:39,159 INFO Database initialization complete
2025-08-23 02:36:37,072 INFO Initializing database...
2025-08-23 02:36:37,147 INFO Database tables created successfully
2025-08-23 02:36:37,239 INFO Default data inserted successfully
2025-08-23 02:36:37,239 INFO Database initialization complete
2025-08-23 02:39:58,288 INFO Initializing database...
2025-08-23 02:39:58,386 INFO Database tables created successfully
2025-08-23 02:39:58,505 INFO Default data inserted successfully
2025-08-23 02:39:58,505 INFO Database initialization complete
2025-08-23 02:40:44,290 INFO Initializing database...
2025-08-23 02:40:44,383 INFO Database tables created successfully
2025-08-23 02:40:44,482 INFO Default data inserted successfully
2025-08-23 02:40:44,483 INFO Database initialization complete
2025-08-23 02:44:15,019 INFO Initializing database...
2025-08-23 02:44:15,096 INFO Database tables created successfully
2025-08-23 02:44:15,181 INFO Default data inserted successfully
2025-08-23 02:44:15,182 INFO Database initialization complete
2025-08-23 03:01:02,103 INFO Initializing database...
2025-08-23 03:01:02,202 INFO Database tables created successfully
2025-08-23 03:01:02,289 INFO Default data inserted successfully
2025-08-23 03:01:02,290 INFO Database initialization complete
2025-08-23 03:01:44,933 INFO Initializing database...
2025-08-23 03:01:44,999 INFO Database tables created successfully
2025-08-23 03:01:45,072 INFO Default data inserted successfully
2025-08-23 03:01:45,072 INFO Database initialization complete
2025-08-23 03:34:30,222 INFO Initializing database...
2025-08-23 03:34:30,310 INFO Database tables created successfully
2025-08-23 03:34:30,413 INFO Default data inserted successfully
2025-08-23 03:34:30,413 INFO Database initialization complete
2025-08-23 03:35:00,588 INFO Initializing database...
2025-08-23 03:35:00,663 INFO Database tables created successfully
2025-08-23 03:35:00,745 INFO Default data inserted successfully
2025-08-23 03:35:00,745 INFO Database initialization complete
2025-08-23 12:43:56,770 INFO Initializing database...
2025-08-23 12:43:56,880 INFO Database tables created successfully
2025-08-23 12:43:57,034 INFO Default data inserted successfully
2025-08-23 12:43:57,034 INFO Database initialization complete
2025-08-23 12:48:16,196 INFO Initializing database...
2025-08-23 12:48:16,265 INFO Database tables created successfully
2025-08-23 12:48:16,351 INFO Default data inserted successfully
2025-08-23 12:48:16,352 INFO Database initialization complete
2025-08-23 15:01:51,363 INFO Initializing database...
2025-08-23 15:01:51,424 INFO Database tables created successfully
2025-08-23 15:01:51,476 INFO Default data inserted successfully
2025-08-23 15:01:51,477 INFO Database initialization complete
2025-08-23 20:36:39,335 INFO Initializing database...
2025-08-23 20:36:39,519 INFO Database tables created successfully
2025-08-23 20:36:39,608 INFO Default data inserted successfully
2025-08-23 20:36:39,608 INFO Database initialization complete
2025-08-24 03:33:22,702 INFO Initializing database...
2025-08-24 03:33:22,947 INFO Database tables created successfully
2025-08-24 03:33:23,146 INFO Default data inserted successfully
2025-08-24 03:33:23,147 INFO Database initialization complete
2025-08-24 13:22:44,706 INFO Initializing database...
2025-08-24 13:22:44,769 INFO Database tables created successfully
2025-08-24 13:22:44,843 INFO Default data inserted successfully
2025-08-24 13:22:44,843 INFO Database initialization complete
2025-08-24 13:32:43,046 INFO Initializing database...
2025-08-24 13:32:43,106 INFO Database tables created successfully
2025-08-24 13:32:43,174 INFO Default data inserted successfully
2025-08-24 13:32:43,174 INFO Database initialization complete
2025-08-24 13:33:18,169 INFO Initializing database...
2025-08-24 13:33:18,215 INFO Database tables created successfully
2025-08-24 13:33:18,265 INFO Default data inserted successfully
2025-08-24 13:33:18,265 INFO Database initialization complete
2025-08-24 13:44:40,648 INFO Initializing database...
2025-08-24 13:44:40,696 INFO Database tables created successfully
2025-08-24 13:44:40,749 INFO Default data inserted successfully
2025-08-24 13:44:40,749 INFO Database initialization complete
2025-08-24 14:12:03,067 INFO Initializing database...
2025-08-24 14:12:03,196 INFO Database tables created successfully
2025-08-24 14:12:03,298 INFO Default data inserted successfully
2025-08-24 14:12:03,299 INFO Database initialization complete
2025-08-24 14:12:55,725 INFO Initializing database...
2025-08-24 14:12:55,791 INFO Database tables created successfully
2025-08-24 14:12:55,850 INFO Default data inserted successfully
2025-08-24 14:12:55,850 INFO Database initialization complete
2025-08-24 14:33:52,900 INFO Initializing database...
2025-08-24 14:33:52,949 INFO Database tables created successfully
2025-08-24 14:33:53,007 INFO Default data inserted successfully
2025-08-24 14:33:53,007 INFO Database initialization complete
2025-08-24 14:34:36,202 INFO Initializing database...
2025-08-24 14:34:36,288 INFO Database tables created successfully
2025-08-24 14:34:36,376 INFO Default data inserted successfully
2025-08-24 14:34:36,376 INFO Database initialization complete
2025-08-24 14:36:53,408 INFO Initializing database...
2025-08-24 14:36:53,456 INFO Database tables created successfully
2025-08-24 14:36:53,507 INFO Default data inserted successfully
2025-08-24 14:36:53,507 INFO Database initialization complete
2025-08-24 15:23:41,267 INFO Initializing database...
2025-08-24 15:23:41,317 INFO Database tables created successfully
2025-08-24 15:23:41,391 INFO Default data inserted successfully
2025-08-24 15:23:41,391 INFO Database initialization complete
2025-08-24 16:29:45,204 INFO Initializing database...
2025-08-24 16:29:45,267 INFO Database tables created successfully
2025-08-24 16:29:45,323 INFO Default data inserted successfully
2025-08-24 16:29:45,323 INFO Database initialization complete
2025-08-24 20:16:00,349 INFO Initializing database...
2025-08-24 20:16:00,439 INFO Database tables created successfully
2025-08-24 20:16:00,524 INFO Default data inserted successfully
2025-08-24 20:16:00,525 INFO Database initialization complete
2025-08-24 20:16:48,855 INFO Initializing database...
2025-08-24 20:16:48,919 INFO Database tables created successfully
2025-08-24 20:16:48,991 INFO Default data inserted successfully
2025-08-24 20:16:48,991 INFO Database initialization complete
2025-08-24 20:24:55,358 INFO Initializing database...
2025-08-24 20:24:55,413 INFO Database tables created successfully
2025-08-24 20:24:55,468 INFO Default data inserted successfully
2025-08-24 20:24:55,469 INFO Database initialization complete
2025-08-24 22:37:22,400 INFO Initializing database...
2025-08-24 22:37:22,477 INFO Database tables created successfully
2025-08-24 22:37:22,537 INFO Default data inserted successfully
2025-08-24 22:37:22,538 INFO Database initialization complete
2025-08-24 22:52:41,238 INFO Initializing database...
2025-08-24 22:52:41,285 INFO Database tables created successfully
2025-08-24 22:52:41,364 INFO Default data inserted successfully
2025-08-24 22:52:41,365 INFO Database initialization complete
2025-08-24 22:53:03,682 INFO Initializing database...
2025-08-24 22:53:03,721 INFO Database tables created successfully
2025-08-24 22:53:03,763 INFO Default data inserted successfully
2025-08-24 22:53:03,763 INFO Database initialization complete
2025-08-24 22:59:18,863 INFO Initializing database...
2025-08-24 22:59:18,914 INFO Database tables created successfully
2025-08-24 22:59:18,962 INFO Default data inserted successfully
2025-08-24 22:59:18,962 INFO Database initialization complete
2025-08-24 22:59:39,656 INFO Initializing database...
2025-08-24 22:59:39,707 INFO Database tables created successfully
2025-08-24 22:59:39,759 INFO Default data inserted successfully
2025-08-24 22:59:39,759 INFO Database initialization complete
2025-08-24 23:12:52,158 INFO Initializing database...
2025-08-24 23:12:52,211 INFO Database tables created successfully
2025-08-24 23:12:52,257 INFO Default data inserted successfully
2025-08-24 23:12:52,258 INFO Database initialization complete
